#-----------------------------------------------------------
# xsim v2026.1 (64-bit)
# SW Build 6511674 on Tue Jun 16 11:02:23 MDT 2026
# IP Build 6504888 on Tue Jun 09 09:05:25 MDT 2026
# SharedData Build 6501428 on Mon Jun 08 17:34:18 MDT 2026
# Start of session at: Fri Oct  9 20:50:36 2026
# Process ID         : 20784
# Current directory  : D:/aaa1verilog_project/rv32i_soc/benchmark/coremark/build/xsim
# Command line       : xsim.exe -mode tcl -source {xsim.dir/coremark_tb_snapshot/xsim_script.tcl}
# Log file           : D:/aaa1verilog_project/rv32i_soc/benchmark/coremark/build/xsim/xsim.log
# Journal file       : D:/aaa1verilog_project/rv32i_soc/benchmark/coremark/build/xsim\xsim.jou
# Running On         : 1c
# Platform           : Windows 11
# Operating System   : 26100
# Processor Detail   : Intel(R) Core(TM) i9-14900HX
# CPU Frequency      : 2419 MHz
# CPU Physical cores : 24
# CPU Logical cores  : 32
# Host memory        : 34070 MB
# Swap memory        : 6979 MB
# Total Virtual      : 41049 MB
# Available Virtual  : 8689 MB
#-----------------------------------------------------------
source xsim.dir/coremark_tb_snapshot/xsim_script.tcl
# xsim {coremark_tb_snapshot} -testplusarg MAX_CYCLES=15000000 -testplusarg CLOCK_MHZ=100 -testplusarg PROGRESS_CYCLES=1000000 -autoloadwcfg -tclbatch {D:/aaa1verilog_project/rv32i_soc/benchmark/coremark/build/xsim/run.tcl} -onerror quit
Time resolution is 1 ps
source D:/aaa1verilog_project/rv32i_soc/benchmark/coremark/build/xsim/run.tcl
## run all
PROGRESS: 1000000 / 15000000 cycles (6.7%), pc=00001608
PROGRESS: 2000000 / 15000000 cycles (13.3%), pc=0000276c
PROGRESS: 3000000 / 15000000 cycles (20.0%), pc=00000e7c
PROGRESS: 4000000 / 15000000 cycles (26.7%), pc=00001548
--- Official EEMBC CoreMark smoke run ---
iterations       : 10
total cycles     : 4323273
timed cycles     : 4299112
timed retired    : 2882000
timed CPI approx : 1.491711
est. @100 MHz     : 232.606175 CoreMark/s
est. CoreMark/MHz: 2.326062
PASS: official CoreMark CRC validation succeeded
$finish called at time : 43232766 ns : File "D:/aaa1verilog_project/rv32i_soc/benchmark/coremark/coremark_tb.v" Line 128
run: Time (s): cpu = 00:00:00 ; elapsed = 00:04:25 . Memory (MB): peak = 229.668 ; gain = 0.000
## quit
INFO: xsimkernel Simulation Memory Usage: 22564 KB (Peak: 22564 KB), Simulation CPU Usage: 256468 ms
INFO: [Common 17-206] Exiting xsim at Fri Oct  9 20:55:03 2026...
