#-----------------------------------------------------------
# xsim v2026.1 (64-bit)
# SW Build 6511674 on Tue Jun 16 11:02:23 MDT 2026
# IP Build 6504888 on Tue Jun 09 09:05:25 MDT 2026
# SharedData Build 6501428 on Mon Jun 08 17:34:18 MDT 2026
# Start of session at: Fri Oct  9 20:43:46 2026
# Process ID         : 23188
# Current directory  : D:/aaa1verilog_project/rv32i_soc/benchmark/coremark/build/xsim
# Command line       : xsim.exe -mode tcl -source {xsim.dir/coremark_tb_snapshot/xsim_script.tcl}
# Log file           : D:/aaa1verilog_project/rv32i_soc/benchmark/coremark/build/xsim/xsim.log
# Journal file       : D:/aaa1verilog_project/rv32i_soc/benchmark/coremark/build/xsim\xsim.jou
# Running On         : 1c
# Platform           : Windows 11
# Operating System   : 26100
# Processor Detail   : Intel(R) Core(TM) i9-14900HX
# CPU Frequency      : 2419 MHz
# CPU Physical cores : 24
# CPU Logical cores  : 32
# Host memory        : 34070 MB
# Swap memory        : 6979 MB
# Total Virtual      : 41049 MB
# Available Virtual  : 8422 MB
#-----------------------------------------------------------
source xsim.dir/coremark_tb_snapshot/xsim_script.tcl
# xsim {coremark_tb_snapshot} -testplusarg MAX_CYCLES=3000000 -testplusarg CLOCK_MHZ=100 -testplusarg PROGRESS_CYCLES=1000000 -autoloadwcfg -tclbatch {D:/aaa1verilog_project/rv32i_soc/benchmark/coremark/build/xsim/run.tcl} -onerror quit
Time resolution is 1 ps
source D:/aaa1verilog_project/rv32i_soc/benchmark/coremark/build/xsim/run.tcl
## run all
--- Official EEMBC CoreMark smoke run ---
iterations       : 1
total cycles     : 454060
timed cycles     : 429899
timed retired    : 288203
timed CPI approx : 1.491653
est. @100 MHz     : 232.612776 CoreMark/s
est. CoreMark/MHz: 2.326128
PASS: official CoreMark CRC validation succeeded
$finish called at time : 4540636 ns : File "D:/aaa1verilog_project/rv32i_soc/benchmark/coremark/coremark_tb.v" Line 128
run: Time (s): cpu = 00:00:00 ; elapsed = 00:00:35 . Memory (MB): peak = 230.379 ; gain = 0.000
## quit
INFO: xsimkernel Simulation Memory Usage: 26120 KB (Peak: 26120 KB), Simulation CPU Usage: 33764 ms
INFO: [Common 17-206] Exiting xsim at Fri Oct  9 20:44:23 2026...
