Archive member included to satisfy reference by file (symbol)

D:/xpack-riscv-none-elf-gcc-15.2.0-1/bin/../lib/gcc/riscv-none-elf/15.2.0/rv32i/ilp32\libgcc.a(ledf2.o)
                              C:\Users\wuton\AppData\Local\Temp\ccQzLCjW.o (__ledf2)
D:/xpack-riscv-none-elf-gcc-15.2.0-1/bin/../lib/gcc/riscv-none-elf/15.2.0/rv32i/ilp32\libgcc.a(fixunsdfsi.o)
                              C:\Users\wuton\AppData\Local\Temp\ccQzLCjW.o (__fixunsdfsi)
D:/xpack-riscv-none-elf-gcc-15.2.0-1/bin/../lib/gcc/riscv-none-elf/15.2.0/rv32i/ilp32\libgcc.a(floatunsidf.o)
                              C:\Users\wuton\AppData\Local\Temp\ccQzLCjW.o (__floatunsidf)
D:/xpack-riscv-none-elf-gcc-15.2.0-1/bin/../lib/gcc/riscv-none-elf/15.2.0/rv32i/ilp32\libgcc.a(muldi3.o)
                              C:\Users\wuton\AppData\Local\Temp\ccRO2vUM.o (__mulsi3)
D:/xpack-riscv-none-elf-gcc-15.2.0-1/bin/../lib/gcc/riscv-none-elf/15.2.0/rv32i/ilp32\libgcc.a(_clzsi2.o)
                              D:/xpack-riscv-none-elf-gcc-15.2.0-1/bin/../lib/gcc/riscv-none-elf/15.2.0/rv32i/ilp32\libgcc.a(floatunsidf.o) (__clzsi2)
D:/xpack-riscv-none-elf-gcc-15.2.0-1/bin/../lib/gcc/riscv-none-elf/15.2.0/rv32i/ilp32\libgcc.a(_clz.o)
                              D:/xpack-riscv-none-elf-gcc-15.2.0-1/bin/../lib/gcc/riscv-none-elf/15.2.0/rv32i/ilp32\libgcc.a(_clzsi2.o) (__clz_tab)

Discarded input sections

 .text          0x00000000        0x0 C:\Users\wuton\AppData\Local\Temp\ccCpaKGM.o
 .data          0x00000000        0x0 C:\Users\wuton\AppData\Local\Temp\ccCpaKGM.o
 .bss           0x00000000        0x0 C:\Users\wuton\AppData\Local\Temp\ccCpaKGM.o
 .text          0x00000000        0x0 C:\Users\wuton\AppData\Local\Temp\cchnyeWh.o
 .data          0x00000000        0x0 C:\Users\wuton\AppData\Local\Temp\cchnyeWh.o
 .bss           0x00000000        0x0 C:\Users\wuton\AppData\Local\Temp\cchnyeWh.o
 .text.initialise_board
                0x00000000       0x20 C:\Users\wuton\AppData\Local\Temp\cchnyeWh.o
 .text          0x00000000        0x0 C:\Users\wuton\AppData\Local\Temp\ccQzLCjW.o
 .data          0x00000000        0x0 C:\Users\wuton\AppData\Local\Temp\ccQzLCjW.o
 .bss           0x00000000        0x0 C:\Users\wuton\AppData\Local\Temp\ccQzLCjW.o
 .text.memcpy   0x00000000       0x24 C:\Users\wuton\AppData\Local\Temp\ccQzLCjW.o
 .text.memmove  0x00000000       0x54 C:\Users\wuton\AppData\Local\Temp\ccQzLCjW.o
 .text.memset   0x00000000       0x1c C:\Users\wuton\AppData\Local\Temp\ccQzLCjW.o
 .text.memcmp   0x00000000       0x34 C:\Users\wuton\AppData\Local\Temp\ccQzLCjW.o
 .text.strlen   0x00000000       0x28 C:\Users\wuton\AppData\Local\Temp\ccQzLCjW.o
 .text.strcmp   0x00000000       0x40 C:\Users\wuton\AppData\Local\Temp\ccQzLCjW.o
 .text.strchr   0x00000000       0x2c C:\Users\wuton\AppData\Local\Temp\ccQzLCjW.o
 .text.strcpy   0x00000000       0x1c C:\Users\wuton\AppData\Local\Temp\ccQzLCjW.o
 .text.abs      0x00000000       0x10 C:\Users\wuton\AppData\Local\Temp\ccQzLCjW.o
 .text.labs     0x00000000       0x10 C:\Users\wuton\AppData\Local\Temp\ccQzLCjW.o
 .text.printf   0x00000000       0x2c C:\Users\wuton\AppData\Local\Temp\ccQzLCjW.o
 .text.puts     0x00000000        0x8 C:\Users\wuton\AppData\Local\Temp\ccQzLCjW.o
 .text.sqrt     0x00000000       0xcc C:\Users\wuton\AppData\Local\Temp\ccQzLCjW.o
 .comment       0x00000000       0x34 C:\Users\wuton\AppData\Local\Temp\ccQzLCjW.o
 .note.GNU-stack
                0x00000000        0x0 C:\Users\wuton\AppData\Local\Temp\ccQzLCjW.o
 .riscv.attributes
                0x00000000       0x1c C:\Users\wuton\AppData\Local\Temp\ccQzLCjW.o
 .text          0x00000000        0x0 C:\Users\wuton\AppData\Local\Temp\ccRO2vUM.o
 .data          0x00000000        0x0 C:\Users\wuton\AppData\Local\Temp\ccRO2vUM.o
 .bss           0x00000000        0x0 C:\Users\wuton\AppData\Local\Temp\ccRO2vUM.o
 .text.rand_beebs
                0x00000000       0x60 C:\Users\wuton\AppData\Local\Temp\ccRO2vUM.o
 .text.srand_beebs
                0x00000000        0xc C:\Users\wuton\AppData\Local\Temp\ccRO2vUM.o
 .text.init_heap_beebs
                0x00000000       0x2c C:\Users\wuton\AppData\Local\Temp\ccRO2vUM.o
 .text.check_heap_beebs
                0x00000000       0x20 C:\Users\wuton\AppData\Local\Temp\ccRO2vUM.o
 .text.malloc_beebs
                0x00000000       0x68 C:\Users\wuton\AppData\Local\Temp\ccRO2vUM.o
 .text.calloc_beebs
                0x00000000       0xac C:\Users\wuton\AppData\Local\Temp\ccRO2vUM.o
 .text.realloc_beebs
                0x00000000       0x64 C:\Users\wuton\AppData\Local\Temp\ccRO2vUM.o
 .text.free_beebs
                0x00000000        0x4 C:\Users\wuton\AppData\Local\Temp\ccRO2vUM.o
 .bss.heap_requested
                0x00000000        0x4 C:\Users\wuton\AppData\Local\Temp\ccRO2vUM.o
 .bss.heap_end  0x00000000        0x4 C:\Users\wuton\AppData\Local\Temp\ccRO2vUM.o
 .bss.heap_ptr  0x00000000        0x4 C:\Users\wuton\AppData\Local\Temp\ccRO2vUM.o
 .bss.seed      0x00000000        0x4 C:\Users\wuton\AppData\Local\Temp\ccRO2vUM.o
 .comment       0x00000000       0x34 C:\Users\wuton\AppData\Local\Temp\ccRO2vUM.o
 .note.GNU-stack
                0x00000000        0x0 C:\Users\wuton\AppData\Local\Temp\ccRO2vUM.o
 .riscv.attributes
                0x00000000       0x1c C:\Users\wuton\AppData\Local\Temp\ccRO2vUM.o
 .text          0x00000000        0x0 C:\Users\wuton\AppData\Local\Temp\ccQyKw8M.o
 .data          0x00000000        0x0 C:\Users\wuton\AppData\Local\Temp\ccQyKw8M.o
 .bss           0x00000000        0x0 C:\Users\wuton\AppData\Local\Temp\ccQyKw8M.o
 .text          0x00000000        0x0 C:\Users\wuton\AppData\Local\Temp\cc7pNKJW.o
 .data          0x00000000        0x0 C:\Users\wuton\AppData\Local\Temp\cc7pNKJW.o
 .bss           0x00000000        0x0 C:\Users\wuton\AppData\Local\Temp\cc7pNKJW.o
 .text          0x00000000        0x0 D:/xpack-riscv-none-elf-gcc-15.2.0-1/bin/../lib/gcc/riscv-none-elf/15.2.0/rv32i/ilp32\libgcc.a(ledf2.o)
 .data          0x00000000        0x0 D:/xpack-riscv-none-elf-gcc-15.2.0-1/bin/../lib/gcc/riscv-none-elf/15.2.0/rv32i/ilp32\libgcc.a(ledf2.o)
 .bss           0x00000000        0x0 D:/xpack-riscv-none-elf-gcc-15.2.0-1/bin/../lib/gcc/riscv-none-elf/15.2.0/rv32i/ilp32\libgcc.a(ledf2.o)
 .text.__ledf2  0x00000000      0x118 D:/xpack-riscv-none-elf-gcc-15.2.0-1/bin/../lib/gcc/riscv-none-elf/15.2.0/rv32i/ilp32\libgcc.a(ledf2.o)
 .debug_info    0x00000000      0x25e D:/xpack-riscv-none-elf-gcc-15.2.0-1/bin/../lib/gcc/riscv-none-elf/15.2.0/rv32i/ilp32\libgcc.a(ledf2.o)
 .debug_abbrev  0x00000000      0x172 D:/xpack-riscv-none-elf-gcc-15.2.0-1/bin/../lib/gcc/riscv-none-elf/15.2.0/rv32i/ilp32\libgcc.a(ledf2.o)
 .debug_loclists
                0x00000000      0x1d9 D:/xpack-riscv-none-elf-gcc-15.2.0-1/bin/../lib/gcc/riscv-none-elf/15.2.0/rv32i/ilp32\libgcc.a(ledf2.o)
 .debug_aranges
                0x00000000       0x20 D:/xpack-riscv-none-elf-gcc-15.2.0-1/bin/../lib/gcc/riscv-none-elf/15.2.0/rv32i/ilp32\libgcc.a(ledf2.o)
 .debug_rnglists
                0x00000000       0x4a D:/xpack-riscv-none-elf-gcc-15.2.0-1/bin/../lib/gcc/riscv-none-elf/15.2.0/rv32i/ilp32\libgcc.a(ledf2.o)
 .debug_line    0x00000000      0x43a D:/xpack-riscv-none-elf-gcc-15.2.0-1/bin/../lib/gcc/riscv-none-elf/15.2.0/rv32i/ilp32\libgcc.a(ledf2.o)
 .debug_str     0x00000000      0x1f2 D:/xpack-riscv-none-elf-gcc-15.2.0-1/bin/../lib/gcc/riscv-none-elf/15.2.0/rv32i/ilp32\libgcc.a(ledf2.o)
 .debug_line_str
                0x00000000      0x24a D:/xpack-riscv-none-elf-gcc-15.2.0-1/bin/../lib/gcc/riscv-none-elf/15.2.0/rv32i/ilp32\libgcc.a(ledf2.o)
 .comment       0x00000000       0x34 D:/xpack-riscv-none-elf-gcc-15.2.0-1/bin/../lib/gcc/riscv-none-elf/15.2.0/rv32i/ilp32\libgcc.a(ledf2.o)
 .note.GNU-stack
                0x00000000        0x0 D:/xpack-riscv-none-elf-gcc-15.2.0-1/bin/../lib/gcc/riscv-none-elf/15.2.0/rv32i/ilp32\libgcc.a(ledf2.o)
 .debug_frame   0x00000000       0x20 D:/xpack-riscv-none-elf-gcc-15.2.0-1/bin/../lib/gcc/riscv-none-elf/15.2.0/rv32i/ilp32\libgcc.a(ledf2.o)
 .riscv.attributes
                0x00000000       0x1c D:/xpack-riscv-none-elf-gcc-15.2.0-1/bin/../lib/gcc/riscv-none-elf/15.2.0/rv32i/ilp32\libgcc.a(ledf2.o)
 .text          0x00000000        0x0 D:/xpack-riscv-none-elf-gcc-15.2.0-1/bin/../lib/gcc/riscv-none-elf/15.2.0/rv32i/ilp32\libgcc.a(fixunsdfsi.o)
 .data          0x00000000        0x0 D:/xpack-riscv-none-elf-gcc-15.2.0-1/bin/../lib/gcc/riscv-none-elf/15.2.0/rv32i/ilp32\libgcc.a(fixunsdfsi.o)
 .bss           0x00000000        0x0 D:/xpack-riscv-none-elf-gcc-15.2.0-1/bin/../lib/gcc/riscv-none-elf/15.2.0/rv32i/ilp32\libgcc.a(fixunsdfsi.o)
 .text.__fixunsdfsi
                0x00000000       0x70 D:/xpack-riscv-none-elf-gcc-15.2.0-1/bin/../lib/gcc/riscv-none-elf/15.2.0/rv32i/ilp32\libgcc.a(fixunsdfsi.o)
 .debug_info    0x00000000      0x1ca D:/xpack-riscv-none-elf-gcc-15.2.0-1/bin/../lib/gcc/riscv-none-elf/15.2.0/rv32i/ilp32\libgcc.a(fixunsdfsi.o)
 .debug_abbrev  0x00000000      0x171 D:/xpack-riscv-none-elf-gcc-15.2.0-1/bin/../lib/gcc/riscv-none-elf/15.2.0/rv32i/ilp32\libgcc.a(fixunsdfsi.o)
 .debug_loclists
                0x00000000       0xc6 D:/xpack-riscv-none-elf-gcc-15.2.0-1/bin/../lib/gcc/riscv-none-elf/15.2.0/rv32i/ilp32\libgcc.a(fixunsdfsi.o)
 .debug_aranges
                0x00000000       0x20 D:/xpack-riscv-none-elf-gcc-15.2.0-1/bin/../lib/gcc/riscv-none-elf/15.2.0/rv32i/ilp32\libgcc.a(fixunsdfsi.o)
 .debug_rnglists
                0x00000000       0x1f D:/xpack-riscv-none-elf-gcc-15.2.0-1/bin/../lib/gcc/riscv-none-elf/15.2.0/rv32i/ilp32\libgcc.a(fixunsdfsi.o)
 .debug_line    0x00000000      0x1e1 D:/xpack-riscv-none-elf-gcc-15.2.0-1/bin/../lib/gcc/riscv-none-elf/15.2.0/rv32i/ilp32\libgcc.a(fixunsdfsi.o)
 .debug_str     0x00000000      0x1c5 D:/xpack-riscv-none-elf-gcc-15.2.0-1/bin/../lib/gcc/riscv-none-elf/15.2.0/rv32i/ilp32\libgcc.a(fixunsdfsi.o)
 .debug_line_str
                0x00000000      0x250 D:/xpack-riscv-none-elf-gcc-15.2.0-1/bin/../lib/gcc/riscv-none-elf/15.2.0/rv32i/ilp32\libgcc.a(fixunsdfsi.o)
 .comment       0x00000000       0x34 D:/xpack-riscv-none-elf-gcc-15.2.0-1/bin/../lib/gcc/riscv-none-elf/15.2.0/rv32i/ilp32\libgcc.a(fixunsdfsi.o)
 .note.GNU-stack
                0x00000000        0x0 D:/xpack-riscv-none-elf-gcc-15.2.0-1/bin/../lib/gcc/riscv-none-elf/15.2.0/rv32i/ilp32\libgcc.a(fixunsdfsi.o)
 .debug_frame   0x00000000       0x20 D:/xpack-riscv-none-elf-gcc-15.2.0-1/bin/../lib/gcc/riscv-none-elf/15.2.0/rv32i/ilp32\libgcc.a(fixunsdfsi.o)
 .riscv.attributes
                0x00000000       0x1c D:/xpack-riscv-none-elf-gcc-15.2.0-1/bin/../lib/gcc/riscv-none-elf/15.2.0/rv32i/ilp32\libgcc.a(fixunsdfsi.o)
 .text          0x00000000        0x0 D:/xpack-riscv-none-elf-gcc-15.2.0-1/bin/../lib/gcc/riscv-none-elf/15.2.0/rv32i/ilp32\libgcc.a(floatunsidf.o)
 .data          0x00000000        0x0 D:/xpack-riscv-none-elf-gcc-15.2.0-1/bin/../lib/gcc/riscv-none-elf/15.2.0/rv32i/ilp32\libgcc.a(floatunsidf.o)
 .bss           0x00000000        0x0 D:/xpack-riscv-none-elf-gcc-15.2.0-1/bin/../lib/gcc/riscv-none-elf/15.2.0/rv32i/ilp32\libgcc.a(floatunsidf.o)
 .text.__floatunsidf
                0x00000000       0xa4 D:/xpack-riscv-none-elf-gcc-15.2.0-1/bin/../lib/gcc/riscv-none-elf/15.2.0/rv32i/ilp32\libgcc.a(floatunsidf.o)
 .debug_info    0x00000000      0x27e D:/xpack-riscv-none-elf-gcc-15.2.0-1/bin/../lib/gcc/riscv-none-elf/15.2.0/rv32i/ilp32\libgcc.a(floatunsidf.o)
 .debug_abbrev  0x00000000      0x172 D:/xpack-riscv-none-elf-gcc-15.2.0-1/bin/../lib/gcc/riscv-none-elf/15.2.0/rv32i/ilp32\libgcc.a(floatunsidf.o)
 .debug_loclists
                0x00000000      0x172 D:/xpack-riscv-none-elf-gcc-15.2.0-1/bin/../lib/gcc/riscv-none-elf/15.2.0/rv32i/ilp32\libgcc.a(floatunsidf.o)
 .debug_aranges
                0x00000000       0x20 D:/xpack-riscv-none-elf-gcc-15.2.0-1/bin/../lib/gcc/riscv-none-elf/15.2.0/rv32i/ilp32\libgcc.a(floatunsidf.o)
 .debug_rnglists
                0x00000000       0x72 D:/xpack-riscv-none-elf-gcc-15.2.0-1/bin/../lib/gcc/riscv-none-elf/15.2.0/rv32i/ilp32\libgcc.a(floatunsidf.o)
 .debug_line    0x00000000      0x30b D:/xpack-riscv-none-elf-gcc-15.2.0-1/bin/../lib/gcc/riscv-none-elf/15.2.0/rv32i/ilp32\libgcc.a(floatunsidf.o)
 .debug_str     0x00000000      0x261 D:/xpack-riscv-none-elf-gcc-15.2.0-1/bin/../lib/gcc/riscv-none-elf/15.2.0/rv32i/ilp32\libgcc.a(floatunsidf.o)
 .debug_line_str
                0x00000000      0x252 D:/xpack-riscv-none-elf-gcc-15.2.0-1/bin/../lib/gcc/riscv-none-elf/15.2.0/rv32i/ilp32\libgcc.a(floatunsidf.o)
 .comment       0x00000000       0x34 D:/xpack-riscv-none-elf-gcc-15.2.0-1/bin/../lib/gcc/riscv-none-elf/15.2.0/rv32i/ilp32\libgcc.a(floatunsidf.o)
 .note.GNU-stack
                0x00000000        0x0 D:/xpack-riscv-none-elf-gcc-15.2.0-1/bin/../lib/gcc/riscv-none-elf/15.2.0/rv32i/ilp32\libgcc.a(floatunsidf.o)
 .debug_frame   0x00000000       0x38 D:/xpack-riscv-none-elf-gcc-15.2.0-1/bin/../lib/gcc/riscv-none-elf/15.2.0/rv32i/ilp32\libgcc.a(floatunsidf.o)
 .riscv.attributes
                0x00000000       0x1c D:/xpack-riscv-none-elf-gcc-15.2.0-1/bin/../lib/gcc/riscv-none-elf/15.2.0/rv32i/ilp32\libgcc.a(floatunsidf.o)
 .text          0x00000000       0x24 D:/xpack-riscv-none-elf-gcc-15.2.0-1/bin/../lib/gcc/riscv-none-elf/15.2.0/rv32i/ilp32\libgcc.a(muldi3.o)
 .data          0x00000000        0x0 D:/xpack-riscv-none-elf-gcc-15.2.0-1/bin/../lib/gcc/riscv-none-elf/15.2.0/rv32i/ilp32\libgcc.a(muldi3.o)
 .bss           0x00000000        0x0 D:/xpack-riscv-none-elf-gcc-15.2.0-1/bin/../lib/gcc/riscv-none-elf/15.2.0/rv32i/ilp32\libgcc.a(muldi3.o)
 .debug_line    0x00000000       0x7a D:/xpack-riscv-none-elf-gcc-15.2.0-1/bin/../lib/gcc/riscv-none-elf/15.2.0/rv32i/ilp32\libgcc.a(muldi3.o)
 .debug_line_str
                0x00000000      0x18e D:/xpack-riscv-none-elf-gcc-15.2.0-1/bin/../lib/gcc/riscv-none-elf/15.2.0/rv32i/ilp32\libgcc.a(muldi3.o)
 .debug_info    0x00000000       0x31 D:/xpack-riscv-none-elf-gcc-15.2.0-1/bin/../lib/gcc/riscv-none-elf/15.2.0/rv32i/ilp32\libgcc.a(muldi3.o)
 .debug_abbrev  0x00000000       0x28 D:/xpack-riscv-none-elf-gcc-15.2.0-1/bin/../lib/gcc/riscv-none-elf/15.2.0/rv32i/ilp32\libgcc.a(muldi3.o)
 .debug_aranges
                0x00000000       0x20 D:/xpack-riscv-none-elf-gcc-15.2.0-1/bin/../lib/gcc/riscv-none-elf/15.2.0/rv32i/ilp32\libgcc.a(muldi3.o)
 .debug_str     0x00000000      0x1a3 D:/xpack-riscv-none-elf-gcc-15.2.0-1/bin/../lib/gcc/riscv-none-elf/15.2.0/rv32i/ilp32\libgcc.a(muldi3.o)
 .riscv.attributes
                0x00000000       0x1a D:/xpack-riscv-none-elf-gcc-15.2.0-1/bin/../lib/gcc/riscv-none-elf/15.2.0/rv32i/ilp32\libgcc.a(muldi3.o)
 .text          0x00000000        0x0 D:/xpack-riscv-none-elf-gcc-15.2.0-1/bin/../lib/gcc/riscv-none-elf/15.2.0/rv32i/ilp32\libgcc.a(_clzsi2.o)
 .data          0x00000000        0x0 D:/xpack-riscv-none-elf-gcc-15.2.0-1/bin/../lib/gcc/riscv-none-elf/15.2.0/rv32i/ilp32\libgcc.a(_clzsi2.o)
 .bss           0x00000000        0x0 D:/xpack-riscv-none-elf-gcc-15.2.0-1/bin/../lib/gcc/riscv-none-elf/15.2.0/rv32i/ilp32\libgcc.a(_clzsi2.o)
 .text.__clzsi2
                0x00000000       0x88 D:/xpack-riscv-none-elf-gcc-15.2.0-1/bin/../lib/gcc/riscv-none-elf/15.2.0/rv32i/ilp32\libgcc.a(_clzsi2.o)
 .debug_info    0x00000000      0x168 D:/xpack-riscv-none-elf-gcc-15.2.0-1/bin/../lib/gcc/riscv-none-elf/15.2.0/rv32i/ilp32\libgcc.a(_clzsi2.o)
 .debug_abbrev  0x00000000       0xd9 D:/xpack-riscv-none-elf-gcc-15.2.0-1/bin/../lib/gcc/riscv-none-elf/15.2.0/rv32i/ilp32\libgcc.a(_clzsi2.o)
 .debug_loclists
                0x00000000       0xe3 D:/xpack-riscv-none-elf-gcc-15.2.0-1/bin/../lib/gcc/riscv-none-elf/15.2.0/rv32i/ilp32\libgcc.a(_clzsi2.o)
 .debug_aranges
                0x00000000       0x20 D:/xpack-riscv-none-elf-gcc-15.2.0-1/bin/../lib/gcc/riscv-none-elf/15.2.0/rv32i/ilp32\libgcc.a(_clzsi2.o)
 .debug_rnglists
                0x00000000       0x2a D:/xpack-riscv-none-elf-gcc-15.2.0-1/bin/../lib/gcc/riscv-none-elf/15.2.0/rv32i/ilp32\libgcc.a(_clzsi2.o)
 .debug_line    0x00000000      0x15f D:/xpack-riscv-none-elf-gcc-15.2.0-1/bin/../lib/gcc/riscv-none-elf/15.2.0/rv32i/ilp32\libgcc.a(_clzsi2.o)
 .debug_str     0x00000000      0x1ec D:/xpack-riscv-none-elf-gcc-15.2.0-1/bin/../lib/gcc/riscv-none-elf/15.2.0/rv32i/ilp32\libgcc.a(_clzsi2.o)
 .debug_line_str
                0x00000000      0x231 D:/xpack-riscv-none-elf-gcc-15.2.0-1/bin/../lib/gcc/riscv-none-elf/15.2.0/rv32i/ilp32\libgcc.a(_clzsi2.o)
 .comment       0x00000000       0x34 D:/xpack-riscv-none-elf-gcc-15.2.0-1/bin/../lib/gcc/riscv-none-elf/15.2.0/rv32i/ilp32\libgcc.a(_clzsi2.o)
 .note.GNU-stack
                0x00000000        0x0 D:/xpack-riscv-none-elf-gcc-15.2.0-1/bin/../lib/gcc/riscv-none-elf/15.2.0/rv32i/ilp32\libgcc.a(_clzsi2.o)
 .debug_frame   0x00000000       0x20 D:/xpack-riscv-none-elf-gcc-15.2.0-1/bin/../lib/gcc/riscv-none-elf/15.2.0/rv32i/ilp32\libgcc.a(_clzsi2.o)
 .riscv.attributes
                0x00000000       0x1c D:/xpack-riscv-none-elf-gcc-15.2.0-1/bin/../lib/gcc/riscv-none-elf/15.2.0/rv32i/ilp32\libgcc.a(_clzsi2.o)
 .text          0x00000000        0x0 D:/xpack-riscv-none-elf-gcc-15.2.0-1/bin/../lib/gcc/riscv-none-elf/15.2.0/rv32i/ilp32\libgcc.a(_clz.o)
 .data          0x00000000        0x0 D:/xpack-riscv-none-elf-gcc-15.2.0-1/bin/../lib/gcc/riscv-none-elf/15.2.0/rv32i/ilp32\libgcc.a(_clz.o)
 .bss           0x00000000        0x0 D:/xpack-riscv-none-elf-gcc-15.2.0-1/bin/../lib/gcc/riscv-none-elf/15.2.0/rv32i/ilp32\libgcc.a(_clz.o)
 .rodata.__clz_tab
                0x00000000      0x100 D:/xpack-riscv-none-elf-gcc-15.2.0-1/bin/../lib/gcc/riscv-none-elf/15.2.0/rv32i/ilp32\libgcc.a(_clz.o)
 .debug_info    0x00000000       0xf2 D:/xpack-riscv-none-elf-gcc-15.2.0-1/bin/../lib/gcc/riscv-none-elf/15.2.0/rv32i/ilp32\libgcc.a(_clz.o)
 .debug_abbrev  0x00000000       0x76 D:/xpack-riscv-none-elf-gcc-15.2.0-1/bin/../lib/gcc/riscv-none-elf/15.2.0/rv32i/ilp32\libgcc.a(_clz.o)
 .debug_aranges
                0x00000000       0x18 D:/xpack-riscv-none-elf-gcc-15.2.0-1/bin/../lib/gcc/riscv-none-elf/15.2.0/rv32i/ilp32\libgcc.a(_clz.o)
 .debug_line    0x00000000       0x49 D:/xpack-riscv-none-elf-gcc-15.2.0-1/bin/../lib/gcc/riscv-none-elf/15.2.0/rv32i/ilp32\libgcc.a(_clz.o)
 .debug_str     0x00000000      0x1cf D:/xpack-riscv-none-elf-gcc-15.2.0-1/bin/../lib/gcc/riscv-none-elf/15.2.0/rv32i/ilp32\libgcc.a(_clz.o)
 .debug_line_str
                0x00000000      0x231 D:/xpack-riscv-none-elf-gcc-15.2.0-1/bin/../lib/gcc/riscv-none-elf/15.2.0/rv32i/ilp32\libgcc.a(_clz.o)
 .comment       0x00000000       0x34 D:/xpack-riscv-none-elf-gcc-15.2.0-1/bin/../lib/gcc/riscv-none-elf/15.2.0/rv32i/ilp32\libgcc.a(_clz.o)
 .note.GNU-stack
                0x00000000        0x0 D:/xpack-riscv-none-elf-gcc-15.2.0-1/bin/../lib/gcc/riscv-none-elf/15.2.0/rv32i/ilp32\libgcc.a(_clz.o)
 .riscv.attributes
                0x00000000       0x1c D:/xpack-riscv-none-elf-gcc-15.2.0-1/bin/../lib/gcc/riscv-none-elf/15.2.0/rv32i/ilp32\libgcc.a(_clz.o)

Memory Configuration

Name             Origin             Length             Attributes
ROM              0x00000000         0x00008000         xr
DATA             0x00001000         0x0000a000         xrw
*default*        0x00000000         0xffffffff

Linker script and memory map

LOAD C:\Users\wuton\AppData\Local\Temp\ccCpaKGM.o
LOAD C:\Users\wuton\AppData\Local\Temp\cchnyeWh.o
LOAD C:\Users\wuton\AppData\Local\Temp\ccQzLCjW.o
LOAD C:\Users\wuton\AppData\Local\Temp\ccRO2vUM.o
LOAD C:\Users\wuton\AppData\Local\Temp\ccQyKw8M.o
LOAD C:\Users\wuton\AppData\Local\Temp\cc7pNKJW.o
LOAD D:/xpack-riscv-none-elf-gcc-15.2.0-1/bin/../lib/gcc/riscv-none-elf/15.2.0/../../../../riscv-none-elf/lib/rv32i/ilp32\libm.a
LOAD D:/xpack-riscv-none-elf-gcc-15.2.0-1/bin/../lib/gcc/riscv-none-elf/15.2.0/rv32i/ilp32\libgcc.a

.text           0x00000000      0x334
 *(.text.start)
 .text.start    0x00000000       0x30 C:\Users\wuton\AppData\Local\Temp\ccCpaKGM.o
                0x00000000                _start
 *(.text*)
 .text.start_trigger
                0x00000030       0x14 C:\Users\wuton\AppData\Local\Temp\cchnyeWh.o
                0x00000030                start_trigger
 .text.stop_trigger
                0x00000044       0x14 C:\Users\wuton\AppData\Local\Temp\cchnyeWh.o
                0x00000044                stop_trigger
 .text.startup.main
                0x00000058       0x78 C:\Users\wuton\AppData\Local\Temp\cchnyeWh.o
                0x00000058                main
 .text.benchmark_body.constprop.0
                0x000000d0       0xc0 C:\Users\wuton\AppData\Local\Temp\ccQyKw8M.o
 .text.warm_caches
                0x00000190        0x4 C:\Users\wuton\AppData\Local\Temp\ccQyKw8M.o
                0x00000190                warm_caches
 .text.benchmark
                0x00000194        0x8 C:\Users\wuton\AppData\Local\Temp\ccQyKw8M.o
                0x00000194                benchmark
 .text.initialise_benchmark
                0x0000019c        0x4 C:\Users\wuton\AppData\Local\Temp\ccQyKw8M.o
                0x0000019c                initialise_benchmark
 .text.verify_benchmark
                0x000001a0        0xc C:\Users\wuton\AppData\Local\Temp\ccQyKw8M.o
                0x000001a0                verify_benchmark
 .text.predict  0x000001ac      0x188 C:\Users\wuton\AppData\Local\Temp\cc7pNKJW.o
                0x000001ac                predict

.rodata         0x00001000     0x9a88
 *(.rodata*)
 .rodata.Y_test
                0x00001000       0x80 C:\Users\wuton\AppData\Local\Temp\cc7pNKJW.o
                0x00001000                Y_test
 .rodata.X_test
                0x00001080     0x2000 C:\Users\wuton\AppData\Local\Temp\cc7pNKJW.o
                0x00001080                X_test
 .rodata.leaf_values
                0x00003080     0x1957 C:\Users\wuton\AppData\Local\Temp\cc7pNKJW.o
                0x00003080                leaf_values
 *fill*         0x000049d7        0x1 
 .rodata.right_children
                0x000049d8     0x17c7 C:\Users\wuton\AppData\Local\Temp\cc7pNKJW.o
                0x000049d8                right_children
 *fill*         0x0000619f        0x1 
 .rodata.left_children
                0x000061a0     0x17c7 C:\Users\wuton\AppData\Local\Temp\cc7pNKJW.o
                0x000061a0                left_children
 *fill*         0x00007967        0x1 
 .rodata.comparison_values
                0x00007968     0x17c7 C:\Users\wuton\AppData\Local\Temp\cc7pNKJW.o
                0x00007968                comparison_values
 *fill*         0x0000912f        0x1 
 .rodata.comparison_idxs
                0x00009130     0x17c7 C:\Users\wuton\AppData\Local\Temp\cc7pNKJW.o
                0x00009130                comparison_idxs
 *fill*         0x0000a8f7        0x1 
 .rodata.tree_sizes
                0x0000a8f8      0x190 C:\Users\wuton\AppData\Local\Temp\cc7pNKJW.o
                0x0000a8f8                tree_sizes

.rela.dyn       0x0000aa88        0x0
 .rela.text.start
                0x0000aa88        0x0 C:\Users\wuton\AppData\Local\Temp\ccCpaKGM.o

.data           0x0000aa88        0x0
                0x0000aa88                        __data_start = .
 *(.data*)
 *(.sdata*)
                0x0000aa88                        __data_end = .

.bss            0x0000aa88        0x0
                0x0000aa88                        __bss_start = .
 *(.bss*)
 *(COMMON)
 *(.sbss*)
                0x0000aa88                        __bss_end = .
                0x0000b000                        PROVIDE (__stack_bottom = 0xb000)
                0x0000bf00                        PROVIDE (__stack_top = 0xbf00)
                0x00000001                        ASSERT ((SIZEOF (.text) <= LENGTH (ROM)), program exceeds instruction ROM)
                0x00000001                        ASSERT ((__bss_end <= __stack_bottom), data overlaps simulation stack)
OUTPUT(D:\aaa1verilog_project\rv32i_cpu\benchmark\embench\build\xgboost-sim48k\xgboost.elf elf32-littleriscv)

.riscv.attributes
                0x00000000       0x1c
 .riscv.attributes
                0x00000000       0x1a C:\Users\wuton\AppData\Local\Temp\ccCpaKGM.o
 .riscv.attributes
                0x0000001a       0x1c C:\Users\wuton\AppData\Local\Temp\cchnyeWh.o
 .riscv.attributes
                0x00000036       0x1c C:\Users\wuton\AppData\Local\Temp\ccQyKw8M.o
 .riscv.attributes
                0x00000052       0x1c C:\Users\wuton\AppData\Local\Temp\cc7pNKJW.o

.comment        0x00000000       0x33
 .comment       0x00000000       0x33 C:\Users\wuton\AppData\Local\Temp\cchnyeWh.o
                                 0x34 (size before relaxing)
 .comment       0x00000033        0x0 C:\Users\wuton\AppData\Local\Temp\ccQyKw8M.o
                                 0x34 (size before relaxing)
 .comment       0x00000033        0x0 C:\Users\wuton\AppData\Local\Temp\cc7pNKJW.o
                                 0x34 (size before relaxing)

.note.GNU-stack
                0x00000000        0x0
 .note.GNU-stack
                0x00000000        0x0 C:\Users\wuton\AppData\Local\Temp\cchnyeWh.o
 .note.GNU-stack
                0x00000000        0x0 C:\Users\wuton\AppData\Local\Temp\ccQyKw8M.o
 .note.GNU-stack
                0x00000000        0x0 C:\Users\wuton\AppData\Local\Temp\cc7pNKJW.o
