Archive member included to satisfy reference by file (symbol)

D:/xpack-riscv-none-elf-gcc-15.2.0-1/bin/../lib/gcc/riscv-none-elf/15.2.0/rv32i/ilp32\libgcc.a(divsf3.o)
                              C:\Users\wuton\AppData\Local\Temp\ccxT2wdC.o (__divsf3)
D:/xpack-riscv-none-elf-gcc-15.2.0-1/bin/../lib/gcc/riscv-none-elf/15.2.0/rv32i/ilp32\libgcc.a(mulsf3.o)
                              C:\Users\wuton\AppData\Local\Temp\ccxT2wdC.o (__mulsf3)
D:/xpack-riscv-none-elf-gcc-15.2.0-1/bin/../lib/gcc/riscv-none-elf/15.2.0/rv32i/ilp32\libgcc.a(fixsfsi.o)
                              C:\Users\wuton\AppData\Local\Temp\ccxT2wdC.o (__fixsfsi)
D:/xpack-riscv-none-elf-gcc-15.2.0-1/bin/../lib/gcc/riscv-none-elf/15.2.0/rv32i/ilp32\libgcc.a(floatsisf.o)
                              C:\Users\wuton\AppData\Local\Temp\ccxT2wdC.o (__floatsisf)
D:/xpack-riscv-none-elf-gcc-15.2.0-1/bin/../lib/gcc/riscv-none-elf/15.2.0/rv32i/ilp32\libgcc.a(muldi3.o)
                              D:/xpack-riscv-none-elf-gcc-15.2.0-1/bin/../lib/gcc/riscv-none-elf/15.2.0/rv32i/ilp32\libgcc.a(divsf3.o) (__mulsi3)
D:/xpack-riscv-none-elf-gcc-15.2.0-1/bin/../lib/gcc/riscv-none-elf/15.2.0/rv32i/ilp32\libgcc.a(div.o)
                              C:\Users\wuton\AppData\Local\Temp\ccxT2wdC.o (__divsi3)
D:/xpack-riscv-none-elf-gcc-15.2.0-1/bin/../lib/gcc/riscv-none-elf/15.2.0/rv32i/ilp32\libgcc.a(_clzsi2.o)
                              D:/xpack-riscv-none-elf-gcc-15.2.0-1/bin/../lib/gcc/riscv-none-elf/15.2.0/rv32i/ilp32\libgcc.a(divsf3.o) (__clzsi2)
D:/xpack-riscv-none-elf-gcc-15.2.0-1/bin/../lib/gcc/riscv-none-elf/15.2.0/rv32i/ilp32\libgcc.a(_clz.o)
                              D:/xpack-riscv-none-elf-gcc-15.2.0-1/bin/../lib/gcc/riscv-none-elf/15.2.0/rv32i/ilp32\libgcc.a(_clzsi2.o) (__clz_tab)

There are no discarded input sections

Memory Configuration

Name             Origin             Length             Attributes
ROM              0x00000000         0x00008000         xr
DATA             0x00003000         0x00004000         xrw
*default*        0x00000000         0xffffffff

Linker script and memory map

LOAD C:\Users\wuton\AppData\Local\Temp\ccYs8ZjC.o
LOAD C:\Users\wuton\AppData\Local\Temp\ccZHm4xA.o
LOAD C:\Users\wuton\AppData\Local\Temp\ccxT2wdC.o
LOAD C:\Users\wuton\AppData\Local\Temp\ccHw1iPM.o
LOAD D:/xpack-riscv-none-elf-gcc-15.2.0-1/bin/../lib/gcc/riscv-none-elf/15.2.0/rv32i/ilp32\libgcc.a

.text           0x00000000     0x1a3c
 *(.text.start)
 .text.start    0x00000000       0x34 C:\Users\wuton\AppData\Local\Temp\ccYs8ZjC.o
                0x00000000                _start
 *(.text*)
 .text          0x00000034        0x0 C:\Users\wuton\AppData\Local\Temp\ccYs8ZjC.o
 .text          0x00000034      0x3a8 C:\Users\wuton\AppData\Local\Temp\ccZHm4xA.o
                0x00000034                printf
                0x00000060                malloc
                0x00000098                strcpy
                0x000000b4                strcmp
                0x000000f4                time
                0x00000138                dhry_validate
                0x000003b4                dhry_port_init
 .text          0x000003dc      0x228 C:\Users\wuton\AppData\Local\Temp\ccxT2wdC.o
                0x000003dc                Proc_1
                0x00000564                Proc_2
                0x00000594                Proc_3
                0x000005c0                Proc_4
                0x000005ec                Proc_5
 .text.startup  0x00000604      0x660 C:\Users\wuton\AppData\Local\Temp\ccxT2wdC.o
                0x00000604                main
 .text          0x00000c64      0x148 C:\Users\wuton\AppData\Local\Temp\ccHw1iPM.o
                0x00000c64                Proc_6
                0x00000cb8                Proc_7
                0x00000cc8                Proc_8
                0x00000d38                Func_1
                0x00000d5c                Func_2
                0x00000da0                Func_3
 .text          0x00000dac        0x0 D:/xpack-riscv-none-elf-gcc-15.2.0-1/bin/../lib/gcc/riscv-none-elf/15.2.0/rv32i/ilp32\libgcc.a(divsf3.o)
 .text.__divsf3
                0x00000dac      0x4fc D:/xpack-riscv-none-elf-gcc-15.2.0-1/bin/../lib/gcc/riscv-none-elf/15.2.0/rv32i/ilp32\libgcc.a(divsf3.o)
                0x00000dac                __divsf3
 .text          0x000012a8        0x0 D:/xpack-riscv-none-elf-gcc-15.2.0-1/bin/../lib/gcc/riscv-none-elf/15.2.0/rv32i/ilp32\libgcc.a(mulsf3.o)
 .text.__mulsf3
                0x000012a8      0x484 D:/xpack-riscv-none-elf-gcc-15.2.0-1/bin/../lib/gcc/riscv-none-elf/15.2.0/rv32i/ilp32\libgcc.a(mulsf3.o)
                0x000012a8                __mulsf3
 .text          0x0000172c        0x0 D:/xpack-riscv-none-elf-gcc-15.2.0-1/bin/../lib/gcc/riscv-none-elf/15.2.0/rv32i/ilp32\libgcc.a(fixsfsi.o)
 .text.__fixsfsi
                0x0000172c       0x74 D:/xpack-riscv-none-elf-gcc-15.2.0-1/bin/../lib/gcc/riscv-none-elf/15.2.0/rv32i/ilp32\libgcc.a(fixsfsi.o)
                0x0000172c                __fixsfsi
 .text          0x000017a0        0x0 D:/xpack-riscv-none-elf-gcc-15.2.0-1/bin/../lib/gcc/riscv-none-elf/15.2.0/rv32i/ilp32\libgcc.a(floatsisf.o)
 .text.__floatsisf
                0x000017a0      0x13c D:/xpack-riscv-none-elf-gcc-15.2.0-1/bin/../lib/gcc/riscv-none-elf/15.2.0/rv32i/ilp32\libgcc.a(floatsisf.o)
                0x000017a0                __floatsisf
 .text          0x000018dc       0x24 D:/xpack-riscv-none-elf-gcc-15.2.0-1/bin/../lib/gcc/riscv-none-elf/15.2.0/rv32i/ilp32\libgcc.a(muldi3.o)
                0x000018dc                __mulsi3
 .text          0x00001900       0xb4 D:/xpack-riscv-none-elf-gcc-15.2.0-1/bin/../lib/gcc/riscv-none-elf/15.2.0/rv32i/ilp32\libgcc.a(div.o)
                0x00001900                __divsi3
                0x00001908                __udivsi3
                0x00001908                __hidden___udivsi3
                0x00001950                __umodsi3
                0x00001984                __modsi3
 .text          0x000019b4        0x0 D:/xpack-riscv-none-elf-gcc-15.2.0-1/bin/../lib/gcc/riscv-none-elf/15.2.0/rv32i/ilp32\libgcc.a(_clzsi2.o)
 .text.__clzsi2
                0x000019b4       0x88 D:/xpack-riscv-none-elf-gcc-15.2.0-1/bin/../lib/gcc/riscv-none-elf/15.2.0/rv32i/ilp32\libgcc.a(_clzsi2.o)
                0x000019b4                __clzsi2
 .text          0x00001a3c        0x0 D:/xpack-riscv-none-elf-gcc-15.2.0-1/bin/../lib/gcc/riscv-none-elf/15.2.0/rv32i/ilp32\libgcc.a(_clz.o)

.rodata         0x00003000      0x74c
 *(.rodata*)
 .rodata.str1.4
                0x00003000      0x5c5 C:\Users\wuton\AppData\Local\Temp\ccZHm4xA.o
                                 0x5f (size before relaxing)
 .rodata.str1.4
                0x000035c5        0x0 C:\Users\wuton\AppData\Local\Temp\ccxT2wdC.o
                                0x5c1 (size before relaxing)
 *fill*         0x000035c5        0x3 
 .rodata.cst4   0x000035c8        0x8 C:\Users\wuton\AppData\Local\Temp\ccxT2wdC.o
 .rodata.__divsf3
                0x000035d0       0x7c D:/xpack-riscv-none-elf-gcc-15.2.0-1/bin/../lib/gcc/riscv-none-elf/15.2.0/rv32i/ilp32\libgcc.a(divsf3.o)
 .rodata.__clz_tab
                0x0000364c      0x100 D:/xpack-riscv-none-elf-gcc-15.2.0-1/bin/../lib/gcc/riscv-none-elf/15.2.0/rv32i/ilp32\libgcc.a(_clz.o)
                0x0000364c                __clz_tab

.rela.dyn       0x0000374c        0x0
 .rela.text.start
                0x0000374c        0x0 C:\Users\wuton\AppData\Local\Temp\ccYs8ZjC.o

.data           0x0000374c        0x4
                0x0000374c                        __data_start = .
 *(.data*)
 .data          0x0000374c        0x0 C:\Users\wuton\AppData\Local\Temp\ccYs8ZjC.o
 .data          0x0000374c        0x0 C:\Users\wuton\AppData\Local\Temp\ccZHm4xA.o
 .data          0x0000374c        0x4 C:\Users\wuton\AppData\Local\Temp\ccxT2wdC.o
                0x0000374c                Reg
 .data          0x00003750        0x0 C:\Users\wuton\AppData\Local\Temp\ccHw1iPM.o
 .data          0x00003750        0x0 D:/xpack-riscv-none-elf-gcc-15.2.0-1/bin/../lib/gcc/riscv-none-elf/15.2.0/rv32i/ilp32\libgcc.a(divsf3.o)
 .data          0x00003750        0x0 D:/xpack-riscv-none-elf-gcc-15.2.0-1/bin/../lib/gcc/riscv-none-elf/15.2.0/rv32i/ilp32\libgcc.a(mulsf3.o)
 .data          0x00003750        0x0 D:/xpack-riscv-none-elf-gcc-15.2.0-1/bin/../lib/gcc/riscv-none-elf/15.2.0/rv32i/ilp32\libgcc.a(fixsfsi.o)
 .data          0x00003750        0x0 D:/xpack-riscv-none-elf-gcc-15.2.0-1/bin/../lib/gcc/riscv-none-elf/15.2.0/rv32i/ilp32\libgcc.a(floatsisf.o)
 .data          0x00003750        0x0 D:/xpack-riscv-none-elf-gcc-15.2.0-1/bin/../lib/gcc/riscv-none-elf/15.2.0/rv32i/ilp32\libgcc.a(muldi3.o)
 .data          0x00003750        0x0 D:/xpack-riscv-none-elf-gcc-15.2.0-1/bin/../lib/gcc/riscv-none-elf/15.2.0/rv32i/ilp32\libgcc.a(div.o)
 .data          0x00003750        0x0 D:/xpack-riscv-none-elf-gcc-15.2.0-1/bin/../lib/gcc/riscv-none-elf/15.2.0/rv32i/ilp32\libgcc.a(_clzsi2.o)
 .data          0x00003750        0x0 D:/xpack-riscv-none-elf-gcc-15.2.0-1/bin/../lib/gcc/riscv-none-elf/15.2.0/rv32i/ilp32\libgcc.a(_clz.o)
 *(.sdata*)
                0x00003750                        __data_end = .

.bss            0x00003750     0x290c
                0x00003750                        __bss_start = .
 *(.bss*)
 .bss           0x00003750        0x0 C:\Users\wuton\AppData\Local\Temp\ccYs8ZjC.o
 .bss           0x00003750      0x108 C:\Users\wuton\AppData\Local\Temp\ccZHm4xA.o
 .bss           0x00003858     0x2804 C:\Users\wuton\AppData\Local\Temp\ccxT2wdC.o
                0x00003858                Ptr_Glob
                0x0000385c                Int_Glob
                0x00003860                Next_Ptr_Glob
                0x00003864                Begin_Time
                0x00003868                Ch_1_Glob
                0x0000386c                Bool_Glob
                0x00003870                Ch_2_Glob
                0x00003874                Arr_1_Glob
                0x0000393c                End_Time
                0x00003940                User_Time
                0x00003944                Microseconds
                0x00003948                Dhrystones_Per_Second
                0x0000394c                Arr_2_Glob
 .bss           0x0000605c        0x0 C:\Users\wuton\AppData\Local\Temp\ccHw1iPM.o
 .bss           0x0000605c        0x0 D:/xpack-riscv-none-elf-gcc-15.2.0-1/bin/../lib/gcc/riscv-none-elf/15.2.0/rv32i/ilp32\libgcc.a(divsf3.o)
 .bss           0x0000605c        0x0 D:/xpack-riscv-none-elf-gcc-15.2.0-1/bin/../lib/gcc/riscv-none-elf/15.2.0/rv32i/ilp32\libgcc.a(mulsf3.o)
 .bss           0x0000605c        0x0 D:/xpack-riscv-none-elf-gcc-15.2.0-1/bin/../lib/gcc/riscv-none-elf/15.2.0/rv32i/ilp32\libgcc.a(fixsfsi.o)
 .bss           0x0000605c        0x0 D:/xpack-riscv-none-elf-gcc-15.2.0-1/bin/../lib/gcc/riscv-none-elf/15.2.0/rv32i/ilp32\libgcc.a(floatsisf.o)
 .bss           0x0000605c        0x0 D:/xpack-riscv-none-elf-gcc-15.2.0-1/bin/../lib/gcc/riscv-none-elf/15.2.0/rv32i/ilp32\libgcc.a(muldi3.o)
 .bss           0x0000605c        0x0 D:/xpack-riscv-none-elf-gcc-15.2.0-1/bin/../lib/gcc/riscv-none-elf/15.2.0/rv32i/ilp32\libgcc.a(div.o)
 .bss           0x0000605c        0x0 D:/xpack-riscv-none-elf-gcc-15.2.0-1/bin/../lib/gcc/riscv-none-elf/15.2.0/rv32i/ilp32\libgcc.a(_clzsi2.o)
 .bss           0x0000605c        0x0 D:/xpack-riscv-none-elf-gcc-15.2.0-1/bin/../lib/gcc/riscv-none-elf/15.2.0/rv32i/ilp32\libgcc.a(_clz.o)
 *(COMMON)
 *(.sbss*)
                0x0000605c                        __bss_end = .
                0x00007000                        PROVIDE (__stack_bottom = 0x7000)
                0x00007f00                        PROVIDE (__stack_top = 0x7f00)
                0x00000001                        ASSERT ((SIZEOF (.text) <= LENGTH (ROM)), Dhrystone exceeds the 32 KiB instruction pROM)
                0x00000001                        ASSERT ((__bss_end <= __stack_bottom), Dhrystone data overlaps the reserved stack)
OUTPUT(D:\aaa1verilog_project\rv32i_cpu\benchmark\dhrystone\build\dhrystone.elf elf32-littleriscv)

.riscv.attributes
                0x00000000       0x1c
 .riscv.attributes
                0x00000000       0x1a C:\Users\wuton\AppData\Local\Temp\ccYs8ZjC.o
 .riscv.attributes
                0x0000001a       0x1c C:\Users\wuton\AppData\Local\Temp\ccZHm4xA.o
 .riscv.attributes
                0x00000036       0x1c C:\Users\wuton\AppData\Local\Temp\ccxT2wdC.o
 .riscv.attributes
                0x00000052       0x1c C:\Users\wuton\AppData\Local\Temp\ccHw1iPM.o
 .riscv.attributes
                0x0000006e       0x1c D:/xpack-riscv-none-elf-gcc-15.2.0-1/bin/../lib/gcc/riscv-none-elf/15.2.0/rv32i/ilp32\libgcc.a(divsf3.o)
 .riscv.attributes
                0x0000008a       0x1c D:/xpack-riscv-none-elf-gcc-15.2.0-1/bin/../lib/gcc/riscv-none-elf/15.2.0/rv32i/ilp32\libgcc.a(mulsf3.o)
 .riscv.attributes
                0x000000a6       0x1c D:/xpack-riscv-none-elf-gcc-15.2.0-1/bin/../lib/gcc/riscv-none-elf/15.2.0/rv32i/ilp32\libgcc.a(fixsfsi.o)
 .riscv.attributes
                0x000000c2       0x1c D:/xpack-riscv-none-elf-gcc-15.2.0-1/bin/../lib/gcc/riscv-none-elf/15.2.0/rv32i/ilp32\libgcc.a(floatsisf.o)
 .riscv.attributes
                0x000000de       0x1a D:/xpack-riscv-none-elf-gcc-15.2.0-1/bin/../lib/gcc/riscv-none-elf/15.2.0/rv32i/ilp32\libgcc.a(muldi3.o)
 .riscv.attributes
                0x000000f8       0x1a D:/xpack-riscv-none-elf-gcc-15.2.0-1/bin/../lib/gcc/riscv-none-elf/15.2.0/rv32i/ilp32\libgcc.a(div.o)
 .riscv.attributes
                0x00000112       0x1c D:/xpack-riscv-none-elf-gcc-15.2.0-1/bin/../lib/gcc/riscv-none-elf/15.2.0/rv32i/ilp32\libgcc.a(_clzsi2.o)
 .riscv.attributes
                0x0000012e       0x1c D:/xpack-riscv-none-elf-gcc-15.2.0-1/bin/../lib/gcc/riscv-none-elf/15.2.0/rv32i/ilp32\libgcc.a(_clz.o)

.comment        0x00000000       0x33
 .comment       0x00000000       0x33 C:\Users\wuton\AppData\Local\Temp\ccZHm4xA.o
                                 0x34 (size before relaxing)
 .comment       0x00000033        0x0 C:\Users\wuton\AppData\Local\Temp\ccxT2wdC.o
                                 0x34 (size before relaxing)
 .comment       0x00000033        0x0 C:\Users\wuton\AppData\Local\Temp\ccHw1iPM.o
                                 0x34 (size before relaxing)
 .comment       0x00000033        0x0 D:/xpack-riscv-none-elf-gcc-15.2.0-1/bin/../lib/gcc/riscv-none-elf/15.2.0/rv32i/ilp32\libgcc.a(divsf3.o)
                                 0x34 (size before relaxing)
 .comment       0x00000033        0x0 D:/xpack-riscv-none-elf-gcc-15.2.0-1/bin/../lib/gcc/riscv-none-elf/15.2.0/rv32i/ilp32\libgcc.a(mulsf3.o)
                                 0x34 (size before relaxing)
 .comment       0x00000033        0x0 D:/xpack-riscv-none-elf-gcc-15.2.0-1/bin/../lib/gcc/riscv-none-elf/15.2.0/rv32i/ilp32\libgcc.a(fixsfsi.o)
                                 0x34 (size before relaxing)
 .comment       0x00000033        0x0 D:/xpack-riscv-none-elf-gcc-15.2.0-1/bin/../lib/gcc/riscv-none-elf/15.2.0/rv32i/ilp32\libgcc.a(floatsisf.o)
                                 0x34 (size before relaxing)
 .comment       0x00000033        0x0 D:/xpack-riscv-none-elf-gcc-15.2.0-1/bin/../lib/gcc/riscv-none-elf/15.2.0/rv32i/ilp32\libgcc.a(_clzsi2.o)
                                 0x34 (size before relaxing)
 .comment       0x00000033        0x0 D:/xpack-riscv-none-elf-gcc-15.2.0-1/bin/../lib/gcc/riscv-none-elf/15.2.0/rv32i/ilp32\libgcc.a(_clz.o)
                                 0x34 (size before relaxing)

.note.GNU-stack
                0x00000000        0x0
 .note.GNU-stack
                0x00000000        0x0 C:\Users\wuton\AppData\Local\Temp\ccZHm4xA.o
 .note.GNU-stack
                0x00000000        0x0 C:\Users\wuton\AppData\Local\Temp\ccxT2wdC.o
 .note.GNU-stack
                0x00000000        0x0 C:\Users\wuton\AppData\Local\Temp\ccHw1iPM.o
 .note.GNU-stack
                0x00000000        0x0 D:/xpack-riscv-none-elf-gcc-15.2.0-1/bin/../lib/gcc/riscv-none-elf/15.2.0/rv32i/ilp32\libgcc.a(divsf3.o)
 .note.GNU-stack
                0x00000000        0x0 D:/xpack-riscv-none-elf-gcc-15.2.0-1/bin/../lib/gcc/riscv-none-elf/15.2.0/rv32i/ilp32\libgcc.a(mulsf3.o)
 .note.GNU-stack
                0x00000000        0x0 D:/xpack-riscv-none-elf-gcc-15.2.0-1/bin/../lib/gcc/riscv-none-elf/15.2.0/rv32i/ilp32\libgcc.a(fixsfsi.o)
 .note.GNU-stack
                0x00000000        0x0 D:/xpack-riscv-none-elf-gcc-15.2.0-1/bin/../lib/gcc/riscv-none-elf/15.2.0/rv32i/ilp32\libgcc.a(floatsisf.o)
 .note.GNU-stack
                0x00000000        0x0 D:/xpack-riscv-none-elf-gcc-15.2.0-1/bin/../lib/gcc/riscv-none-elf/15.2.0/rv32i/ilp32\libgcc.a(_clzsi2.o)
 .note.GNU-stack
                0x00000000        0x0 D:/xpack-riscv-none-elf-gcc-15.2.0-1/bin/../lib/gcc/riscv-none-elf/15.2.0/rv32i/ilp32\libgcc.a(_clz.o)

.debug_info     0x00000000      0xf6d
 .debug_info    0x00000000      0x440 D:/xpack-riscv-none-elf-gcc-15.2.0-1/bin/../lib/gcc/riscv-none-elf/15.2.0/rv32i/ilp32\libgcc.a(divsf3.o)
 .debug_info    0x00000440      0x43d D:/xpack-riscv-none-elf-gcc-15.2.0-1/bin/../lib/gcc/riscv-none-elf/15.2.0/rv32i/ilp32\libgcc.a(mulsf3.o)
 .debug_info    0x0000087d      0x1ca D:/xpack-riscv-none-elf-gcc-15.2.0-1/bin/../lib/gcc/riscv-none-elf/15.2.0/rv32i/ilp32\libgcc.a(fixsfsi.o)
 .debug_info    0x00000a47      0x23c D:/xpack-riscv-none-elf-gcc-15.2.0-1/bin/../lib/gcc/riscv-none-elf/15.2.0/rv32i/ilp32\libgcc.a(floatsisf.o)
 .debug_info    0x00000c83       0x31 D:/xpack-riscv-none-elf-gcc-15.2.0-1/bin/../lib/gcc/riscv-none-elf/15.2.0/rv32i/ilp32\libgcc.a(muldi3.o)
 .debug_info    0x00000cb4       0x5f D:/xpack-riscv-none-elf-gcc-15.2.0-1/bin/../lib/gcc/riscv-none-elf/15.2.0/rv32i/ilp32\libgcc.a(div.o)
 .debug_info    0x00000d13      0x168 D:/xpack-riscv-none-elf-gcc-15.2.0-1/bin/../lib/gcc/riscv-none-elf/15.2.0/rv32i/ilp32\libgcc.a(_clzsi2.o)
 .debug_info    0x00000e7b       0xf2 D:/xpack-riscv-none-elf-gcc-15.2.0-1/bin/../lib/gcc/riscv-none-elf/15.2.0/rv32i/ilp32\libgcc.a(_clz.o)

.debug_abbrev   0x00000000      0x74b
 .debug_abbrev  0x00000000      0x150 D:/xpack-riscv-none-elf-gcc-15.2.0-1/bin/../lib/gcc/riscv-none-elf/15.2.0/rv32i/ilp32\libgcc.a(divsf3.o)
 .debug_abbrev  0x00000150      0x187 D:/xpack-riscv-none-elf-gcc-15.2.0-1/bin/../lib/gcc/riscv-none-elf/15.2.0/rv32i/ilp32\libgcc.a(mulsf3.o)
 .debug_abbrev  0x000002d7      0x159 D:/xpack-riscv-none-elf-gcc-15.2.0-1/bin/../lib/gcc/riscv-none-elf/15.2.0/rv32i/ilp32\libgcc.a(fixsfsi.o)
 .debug_abbrev  0x00000430      0x17c D:/xpack-riscv-none-elf-gcc-15.2.0-1/bin/../lib/gcc/riscv-none-elf/15.2.0/rv32i/ilp32\libgcc.a(floatsisf.o)
 .debug_abbrev  0x000005ac       0x28 D:/xpack-riscv-none-elf-gcc-15.2.0-1/bin/../lib/gcc/riscv-none-elf/15.2.0/rv32i/ilp32\libgcc.a(muldi3.o)
 .debug_abbrev  0x000005d4       0x28 D:/xpack-riscv-none-elf-gcc-15.2.0-1/bin/../lib/gcc/riscv-none-elf/15.2.0/rv32i/ilp32\libgcc.a(div.o)
 .debug_abbrev  0x000005fc       0xd9 D:/xpack-riscv-none-elf-gcc-15.2.0-1/bin/../lib/gcc/riscv-none-elf/15.2.0/rv32i/ilp32\libgcc.a(_clzsi2.o)
 .debug_abbrev  0x000006d5       0x76 D:/xpack-riscv-none-elf-gcc-15.2.0-1/bin/../lib/gcc/riscv-none-elf/15.2.0/rv32i/ilp32\libgcc.a(_clz.o)

.debug_loclists
                0x00000000     0x16de
 .debug_loclists
                0x00000000      0x9e9 D:/xpack-riscv-none-elf-gcc-15.2.0-1/bin/../lib/gcc/riscv-none-elf/15.2.0/rv32i/ilp32\libgcc.a(divsf3.o)
 .debug_loclists
                0x000009e9      0x8b1 D:/xpack-riscv-none-elf-gcc-15.2.0-1/bin/../lib/gcc/riscv-none-elf/15.2.0/rv32i/ilp32\libgcc.a(mulsf3.o)
 .debug_loclists
                0x0000129a      0x11c D:/xpack-riscv-none-elf-gcc-15.2.0-1/bin/../lib/gcc/riscv-none-elf/15.2.0/rv32i/ilp32\libgcc.a(fixsfsi.o)
 .debug_loclists
                0x000013b6      0x245 D:/xpack-riscv-none-elf-gcc-15.2.0-1/bin/../lib/gcc/riscv-none-elf/15.2.0/rv32i/ilp32\libgcc.a(floatsisf.o)
 .debug_loclists
                0x000015fb       0xe3 D:/xpack-riscv-none-elf-gcc-15.2.0-1/bin/../lib/gcc/riscv-none-elf/15.2.0/rv32i/ilp32\libgcc.a(_clzsi2.o)

.debug_aranges  0x00000000       0xf8
 .debug_aranges
                0x00000000       0x20 D:/xpack-riscv-none-elf-gcc-15.2.0-1/bin/../lib/gcc/riscv-none-elf/15.2.0/rv32i/ilp32\libgcc.a(divsf3.o)
 .debug_aranges
                0x00000020       0x20 D:/xpack-riscv-none-elf-gcc-15.2.0-1/bin/../lib/gcc/riscv-none-elf/15.2.0/rv32i/ilp32\libgcc.a(mulsf3.o)
 .debug_aranges
                0x00000040       0x20 D:/xpack-riscv-none-elf-gcc-15.2.0-1/bin/../lib/gcc/riscv-none-elf/15.2.0/rv32i/ilp32\libgcc.a(fixsfsi.o)
 .debug_aranges
                0x00000060       0x20 D:/xpack-riscv-none-elf-gcc-15.2.0-1/bin/../lib/gcc/riscv-none-elf/15.2.0/rv32i/ilp32\libgcc.a(floatsisf.o)
 .debug_aranges
                0x00000080       0x20 D:/xpack-riscv-none-elf-gcc-15.2.0-1/bin/../lib/gcc/riscv-none-elf/15.2.0/rv32i/ilp32\libgcc.a(muldi3.o)
 .debug_aranges
                0x000000a0       0x20 D:/xpack-riscv-none-elf-gcc-15.2.0-1/bin/../lib/gcc/riscv-none-elf/15.2.0/rv32i/ilp32\libgcc.a(div.o)
 .debug_aranges
                0x000000c0       0x20 D:/xpack-riscv-none-elf-gcc-15.2.0-1/bin/../lib/gcc/riscv-none-elf/15.2.0/rv32i/ilp32\libgcc.a(_clzsi2.o)
 .debug_aranges
                0x000000e0       0x18 D:/xpack-riscv-none-elf-gcc-15.2.0-1/bin/../lib/gcc/riscv-none-elf/15.2.0/rv32i/ilp32\libgcc.a(_clz.o)

.debug_rnglists
                0x00000000      0x2af
 .debug_rnglists
                0x00000000       0xf3 D:/xpack-riscv-none-elf-gcc-15.2.0-1/bin/../lib/gcc/riscv-none-elf/15.2.0/rv32i/ilp32\libgcc.a(divsf3.o)
 .debug_rnglists
                0x000000f3       0xdd D:/xpack-riscv-none-elf-gcc-15.2.0-1/bin/../lib/gcc/riscv-none-elf/15.2.0/rv32i/ilp32\libgcc.a(mulsf3.o)
 .debug_rnglists
                0x000001d0       0x2b D:/xpack-riscv-none-elf-gcc-15.2.0-1/bin/../lib/gcc/riscv-none-elf/15.2.0/rv32i/ilp32\libgcc.a(fixsfsi.o)
 .debug_rnglists
                0x000001fb       0x8a D:/xpack-riscv-none-elf-gcc-15.2.0-1/bin/../lib/gcc/riscv-none-elf/15.2.0/rv32i/ilp32\libgcc.a(floatsisf.o)
 .debug_rnglists
                0x00000285       0x2a D:/xpack-riscv-none-elf-gcc-15.2.0-1/bin/../lib/gcc/riscv-none-elf/15.2.0/rv32i/ilp32\libgcc.a(_clzsi2.o)

.debug_line     0x00000000     0x24c4
 .debug_line    0x00000000      0xce0 D:/xpack-riscv-none-elf-gcc-15.2.0-1/bin/../lib/gcc/riscv-none-elf/15.2.0/rv32i/ilp32\libgcc.a(divsf3.o)
 .debug_line    0x00000ce0      0xdbf D:/xpack-riscv-none-elf-gcc-15.2.0-1/bin/../lib/gcc/riscv-none-elf/15.2.0/rv32i/ilp32\libgcc.a(mulsf3.o)
 .debug_line    0x00001a9f      0x24d D:/xpack-riscv-none-elf-gcc-15.2.0-1/bin/../lib/gcc/riscv-none-elf/15.2.0/rv32i/ilp32\libgcc.a(fixsfsi.o)
 .debug_line    0x00001cec      0x463 D:/xpack-riscv-none-elf-gcc-15.2.0-1/bin/../lib/gcc/riscv-none-elf/15.2.0/rv32i/ilp32\libgcc.a(floatsisf.o)
 .debug_line    0x0000214f       0x7a D:/xpack-riscv-none-elf-gcc-15.2.0-1/bin/../lib/gcc/riscv-none-elf/15.2.0/rv32i/ilp32\libgcc.a(muldi3.o)
 .debug_line    0x000021c9      0x153 D:/xpack-riscv-none-elf-gcc-15.2.0-1/bin/../lib/gcc/riscv-none-elf/15.2.0/rv32i/ilp32\libgcc.a(div.o)
 .debug_line    0x0000231c      0x15f D:/xpack-riscv-none-elf-gcc-15.2.0-1/bin/../lib/gcc/riscv-none-elf/15.2.0/rv32i/ilp32\libgcc.a(_clzsi2.o)
 .debug_line    0x0000247b       0x49 D:/xpack-riscv-none-elf-gcc-15.2.0-1/bin/../lib/gcc/riscv-none-elf/15.2.0/rv32i/ilp32\libgcc.a(_clz.o)

.debug_str      0x00000000      0x6da
 .debug_str     0x00000000      0x6da D:/xpack-riscv-none-elf-gcc-15.2.0-1/bin/../lib/gcc/riscv-none-elf/15.2.0/rv32i/ilp32\libgcc.a(divsf3.o)
                                0x306 (size before relaxing)
 .debug_str     0x000006da        0x0 D:/xpack-riscv-none-elf-gcc-15.2.0-1/bin/../lib/gcc/riscv-none-elf/15.2.0/rv32i/ilp32\libgcc.a(mulsf3.o)
                                0x2b0 (size before relaxing)
 .debug_str     0x000006da        0x0 D:/xpack-riscv-none-elf-gcc-15.2.0-1/bin/../lib/gcc/riscv-none-elf/15.2.0/rv32i/ilp32\libgcc.a(fixsfsi.o)
                                0x1b7 (size before relaxing)
 .debug_str     0x000006da        0x0 D:/xpack-riscv-none-elf-gcc-15.2.0-1/bin/../lib/gcc/riscv-none-elf/15.2.0/rv32i/ilp32\libgcc.a(floatsisf.o)
                                0x247 (size before relaxing)
 .debug_str     0x000006da        0x0 D:/xpack-riscv-none-elf-gcc-15.2.0-1/bin/../lib/gcc/riscv-none-elf/15.2.0/rv32i/ilp32\libgcc.a(muldi3.o)
                                0x1a3 (size before relaxing)
 .debug_str     0x000006da        0x0 D:/xpack-riscv-none-elf-gcc-15.2.0-1/bin/../lib/gcc/riscv-none-elf/15.2.0/rv32i/ilp32\libgcc.a(div.o)
                                0x1d0 (size before relaxing)
 .debug_str     0x000006da        0x0 D:/xpack-riscv-none-elf-gcc-15.2.0-1/bin/../lib/gcc/riscv-none-elf/15.2.0/rv32i/ilp32\libgcc.a(_clzsi2.o)
                                0x1ec (size before relaxing)
 .debug_str     0x000006da        0x0 D:/xpack-riscv-none-elf-gcc-15.2.0-1/bin/../lib/gcc/riscv-none-elf/15.2.0/rv32i/ilp32\libgcc.a(_clz.o)
                                0x1cf (size before relaxing)

.debug_line_str
                0x00000000      0x648
 .debug_line_str
                0x00000000      0x648 D:/xpack-riscv-none-elf-gcc-15.2.0-1/bin/../lib/gcc/riscv-none-elf/15.2.0/rv32i/ilp32\libgcc.a(divsf3.o)
                                0x23e (size before relaxing)
 .debug_line_str
                0x00000648        0x0 D:/xpack-riscv-none-elf-gcc-15.2.0-1/bin/../lib/gcc/riscv-none-elf/15.2.0/rv32i/ilp32\libgcc.a(mulsf3.o)
                                0x248 (size before relaxing)
 .debug_line_str
                0x00000648        0x0 D:/xpack-riscv-none-elf-gcc-15.2.0-1/bin/../lib/gcc/riscv-none-elf/15.2.0/rv32i/ilp32\libgcc.a(fixsfsi.o)
                                0x24a (size before relaxing)
 .debug_line_str
                0x00000648        0x0 D:/xpack-riscv-none-elf-gcc-15.2.0-1/bin/../lib/gcc/riscv-none-elf/15.2.0/rv32i/ilp32\libgcc.a(floatsisf.o)
                                0x24e (size before relaxing)
 .debug_line_str
                0x00000648        0x0 D:/xpack-riscv-none-elf-gcc-15.2.0-1/bin/../lib/gcc/riscv-none-elf/15.2.0/rv32i/ilp32\libgcc.a(muldi3.o)
                                0x18e (size before relaxing)
 .debug_line_str
                0x00000648        0x0 D:/xpack-riscv-none-elf-gcc-15.2.0-1/bin/../lib/gcc/riscv-none-elf/15.2.0/rv32i/ilp32\libgcc.a(div.o)
                                0x18b (size before relaxing)
 .debug_line_str
                0x00000648        0x0 D:/xpack-riscv-none-elf-gcc-15.2.0-1/bin/../lib/gcc/riscv-none-elf/15.2.0/rv32i/ilp32\libgcc.a(_clzsi2.o)
                                0x231 (size before relaxing)
 .debug_line_str
                0x00000648        0x0 D:/xpack-riscv-none-elf-gcc-15.2.0-1/bin/../lib/gcc/riscv-none-elf/15.2.0/rv32i/ilp32\libgcc.a(_clz.o)
                                0x231 (size before relaxing)

.debug_frame    0x00000000      0x130
 .debug_frame   0x00000000       0x70 D:/xpack-riscv-none-elf-gcc-15.2.0-1/bin/../lib/gcc/riscv-none-elf/15.2.0/rv32i/ilp32\libgcc.a(divsf3.o)
 .debug_frame   0x00000070       0x44 D:/xpack-riscv-none-elf-gcc-15.2.0-1/bin/../lib/gcc/riscv-none-elf/15.2.0/rv32i/ilp32\libgcc.a(mulsf3.o)
 .debug_frame   0x000000b4       0x20 D:/xpack-riscv-none-elf-gcc-15.2.0-1/bin/../lib/gcc/riscv-none-elf/15.2.0/rv32i/ilp32\libgcc.a(fixsfsi.o)
 .debug_frame   0x000000d4       0x3c D:/xpack-riscv-none-elf-gcc-15.2.0-1/bin/../lib/gcc/riscv-none-elf/15.2.0/rv32i/ilp32\libgcc.a(floatsisf.o)
 .debug_frame   0x00000110       0x20 D:/xpack-riscv-none-elf-gcc-15.2.0-1/bin/../lib/gcc/riscv-none-elf/15.2.0/rv32i/ilp32\libgcc.a(_clzsi2.o)
