#-----------------------------------------------------------
# xsim v2026.1 (64-bit)
# SW Build 6511674 on Tue Jun 16 11:02:23 MDT 2026
# IP Build 6504888 on Tue Jun 09 09:05:25 MDT 2026
# SharedData Build 6501428 on Mon Jun 08 17:34:18 MDT 2026
# Start of session at: Fri Oct  9 20:59:58 2026
# Process ID         : 26036
# Current directory  : D:/aaa1verilog_project/rv32i_soc/performance_check/build/precoremark_xsim
# Command line       : xsim.exe -mode tcl -source {xsim.dir/csr_commit_trap_stress_tb_snapshot/xsim_script.tcl}
# Log file           : D:/aaa1verilog_project/rv32i_soc/performance_check/build/precoremark_xsim/xsim.log
# Journal file       : D:/aaa1verilog_project/rv32i_soc/performance_check/build/precoremark_xsim\xsim.jou
# Running On         : 1c
# Platform           : Windows 11
# Operating System   : 26100
# Processor Detail   : Intel(R) Core(TM) i9-14900HX
# CPU Frequency      : 2419 MHz
# CPU Physical cores : 24
# CPU Logical cores  : 32
# Host memory        : 34070 MB
# Swap memory        : 6979 MB
# Total Virtual      : 41049 MB
# Available Virtual  : 6125 MB
#-----------------------------------------------------------
source xsim.dir/csr_commit_trap_stress_tb_snapshot/xsim_script.tcl
# xsim {csr_commit_trap_stress_tb_snapshot} -autoloadwcfg -tclbatch {D:/aaa1verilog_project/rv32i_soc/performance_check/build/precoremark_xsim/run.tcl} -onerror quit
Time resolution is 1 ps
source D:/aaa1verilog_project/rv32i_soc/performance_check/build/precoremark_xsim/run.tcl
## run all
OK           srrs after csrrw RAM[1024]=00000055
OK            csrrc old value RAM[1025]=00000055
OK           csrrwi old value RAM[1026]=00000000
OK           csrrsi old value RAM[1027]=00000005
OK           csrrci old value RAM[1028]=00000007
OK           consecutive read RAM[1029]=00000055
OK           consecutive read RAM[1030]=00000100
OK              rd0 rs10 read RAM[1031]=00000006
OK           path store guard RAM[1032]=00000000
OK            mtvec preserved RAM[1033]=00000100
OK                trap mcause RAM[1034]=00000004
OK                  trap mepc RAM[1035]=00000064
OK               trap mstatus RAM[1036]=00000006
PASS: CSR WB commit, forwarding, and trap ordering checks passed (1000 cycles)
$finish called at time : 10037 ns : File "D:/aaa1verilog_project/rv32i_soc/performance_check/csr_commit_trap_stress_tb.v" Line 191
## quit
INFO: [Common 17-206] Exiting xsim at Fri Oct  9 21:00:00 2026...
