#-----------------------------------------------------------
# xsim v2026.1 (64-bit)
# SW Build 6511674 on Tue Jun 16 11:02:23 MDT 2026
# IP Build 6504888 on Tue Jun 09 09:05:25 MDT 2026
# SharedData Build 6501428 on Mon Jun 08 17:34:18 MDT 2026
# Start of session at: Fri Oct  9 20:59:49 2026
# Process ID         : 18208
# Current directory  : D:/aaa1verilog_project/rv32i_soc/performance_check/build/precoremark_xsim
# Command line       : xsim.exe -mode tcl -source {xsim.dir/pipeline_long_stress_tb_snapshot/xsim_script.tcl}
# Log file           : D:/aaa1verilog_project/rv32i_soc/performance_check/build/precoremark_xsim/xsim.log
# Journal file       : D:/aaa1verilog_project/rv32i_soc/performance_check/build/precoremark_xsim\xsim.jou
# Running On         : 1c
# Platform           : Windows 11
# Operating System   : 26100
# Processor Detail   : Intel(R) Core(TM) i9-14900HX
# CPU Frequency      : 2419 MHz
# CPU Physical cores : 24
# CPU Logical cores  : 32
# Host memory        : 34070 MB
# Swap memory        : 6979 MB
# Total Virtual      : 41049 MB
# Available Virtual  : 6186 MB
#-----------------------------------------------------------
source xsim.dir/pipeline_long_stress_tb_snapshot/xsim_script.tcl
# xsim {pipeline_long_stress_tb_snapshot} -autoloadwcfg -tclbatch {D:/aaa1verilog_project/rv32i_soc/performance_check/build/precoremark_xsim/run.tcl} -onerror quit
Time resolution is 1 ps
source D:/aaa1verilog_project/rv32i_soc/performance_check/build/precoremark_xsim/run.tcl
## run all
PASS: 640 signatures, wrong-path guards, 4 mid-run resets, 7826 cycles
$finish called at time : 78537 ns : File "D:/aaa1verilog_project/rv32i_soc/performance_check/pipeline_long_stress_tb.v" Line 188
## quit
INFO: [Common 17-206] Exiting xsim at Fri Oct  9 20:59:51 2026...
