Archive member included to satisfy reference by file (symbol)

D:/xpack-riscv-none-elf-gcc-15.2.0-1/bin/../lib/gcc/riscv-none-elf/15.2.0/rv32i/ilp32\libgcc.a(ledf2.o)
                              C:\Users\wuton\AppData\Local\Temp\ccMlVQNM.o (__ledf2)
D:/xpack-riscv-none-elf-gcc-15.2.0-1/bin/../lib/gcc/riscv-none-elf/15.2.0/rv32i/ilp32\libgcc.a(fixunsdfsi.o)
                              C:\Users\wuton\AppData\Local\Temp\ccMlVQNM.o (__fixunsdfsi)
D:/xpack-riscv-none-elf-gcc-15.2.0-1/bin/../lib/gcc/riscv-none-elf/15.2.0/rv32i/ilp32\libgcc.a(floatunsidf.o)
                              C:\Users\wuton\AppData\Local\Temp\ccMlVQNM.o (__floatunsidf)
D:/xpack-riscv-none-elf-gcc-15.2.0-1/bin/../lib/gcc/riscv-none-elf/15.2.0/rv32i/ilp32\libgcc.a(muldi3.o)
                              C:\Users\wuton\AppData\Local\Temp\cc5p97UB.o (__mulsi3)
D:/xpack-riscv-none-elf-gcc-15.2.0-1/bin/../lib/gcc/riscv-none-elf/15.2.0/rv32i/ilp32\libgcc.a(_clzsi2.o)
                              D:/xpack-riscv-none-elf-gcc-15.2.0-1/bin/../lib/gcc/riscv-none-elf/15.2.0/rv32i/ilp32\libgcc.a(floatunsidf.o) (__clzsi2)
D:/xpack-riscv-none-elf-gcc-15.2.0-1/bin/../lib/gcc/riscv-none-elf/15.2.0/rv32i/ilp32\libgcc.a(_clz.o)
                              D:/xpack-riscv-none-elf-gcc-15.2.0-1/bin/../lib/gcc/riscv-none-elf/15.2.0/rv32i/ilp32\libgcc.a(_clzsi2.o) (__clz_tab)

Discarded input sections

 .text          0x00000000        0x0 C:\Users\wuton\AppData\Local\Temp\ccSNo0yH.o
 .data          0x00000000        0x0 C:\Users\wuton\AppData\Local\Temp\ccSNo0yH.o
 .bss           0x00000000        0x0 C:\Users\wuton\AppData\Local\Temp\ccSNo0yH.o
 .text          0x00000000        0x0 C:\Users\wuton\AppData\Local\Temp\ccdRVvka.o
 .data          0x00000000        0x0 C:\Users\wuton\AppData\Local\Temp\ccdRVvka.o
 .bss           0x00000000        0x0 C:\Users\wuton\AppData\Local\Temp\ccdRVvka.o
 .text.initialise_board
                0x00000000       0x20 C:\Users\wuton\AppData\Local\Temp\ccdRVvka.o
 .text          0x00000000        0x0 C:\Users\wuton\AppData\Local\Temp\ccMlVQNM.o
 .data          0x00000000        0x0 C:\Users\wuton\AppData\Local\Temp\ccMlVQNM.o
 .bss           0x00000000        0x0 C:\Users\wuton\AppData\Local\Temp\ccMlVQNM.o
 .text.memcpy   0x00000000       0x24 C:\Users\wuton\AppData\Local\Temp\ccMlVQNM.o
 .text.memmove  0x00000000       0x54 C:\Users\wuton\AppData\Local\Temp\ccMlVQNM.o
 .text.memset   0x00000000       0x1c C:\Users\wuton\AppData\Local\Temp\ccMlVQNM.o
 .text.memcmp   0x00000000       0x34 C:\Users\wuton\AppData\Local\Temp\ccMlVQNM.o
 .text.strlen   0x00000000       0x28 C:\Users\wuton\AppData\Local\Temp\ccMlVQNM.o
 .text.strcmp   0x00000000       0x40 C:\Users\wuton\AppData\Local\Temp\ccMlVQNM.o
 .text.strchr   0x00000000       0x2c C:\Users\wuton\AppData\Local\Temp\ccMlVQNM.o
 .text.strcpy   0x00000000       0x1c C:\Users\wuton\AppData\Local\Temp\ccMlVQNM.o
 .text.abs      0x00000000       0x10 C:\Users\wuton\AppData\Local\Temp\ccMlVQNM.o
 .text.labs     0x00000000       0x10 C:\Users\wuton\AppData\Local\Temp\ccMlVQNM.o
 .text.printf   0x00000000       0x2c C:\Users\wuton\AppData\Local\Temp\ccMlVQNM.o
 .text.puts     0x00000000        0x8 C:\Users\wuton\AppData\Local\Temp\ccMlVQNM.o
 .text.sqrt     0x00000000       0xcc C:\Users\wuton\AppData\Local\Temp\ccMlVQNM.o
 .comment       0x00000000       0x34 C:\Users\wuton\AppData\Local\Temp\ccMlVQNM.o
 .note.GNU-stack
                0x00000000        0x0 C:\Users\wuton\AppData\Local\Temp\ccMlVQNM.o
 .riscv.attributes
                0x00000000       0x1c C:\Users\wuton\AppData\Local\Temp\ccMlVQNM.o
 .text          0x00000000        0x0 C:\Users\wuton\AppData\Local\Temp\cc5p97UB.o
 .data          0x00000000        0x0 C:\Users\wuton\AppData\Local\Temp\cc5p97UB.o
 .bss           0x00000000        0x0 C:\Users\wuton\AppData\Local\Temp\cc5p97UB.o
 .text.init_heap_beebs
                0x00000000       0x2c C:\Users\wuton\AppData\Local\Temp\cc5p97UB.o
 .text.check_heap_beebs
                0x00000000       0x20 C:\Users\wuton\AppData\Local\Temp\cc5p97UB.o
 .text.malloc_beebs
                0x00000000       0x68 C:\Users\wuton\AppData\Local\Temp\cc5p97UB.o
 .text.calloc_beebs
                0x00000000       0xac C:\Users\wuton\AppData\Local\Temp\cc5p97UB.o
 .text.realloc_beebs
                0x00000000       0x64 C:\Users\wuton\AppData\Local\Temp\cc5p97UB.o
 .text.free_beebs
                0x00000000        0x4 C:\Users\wuton\AppData\Local\Temp\cc5p97UB.o
 .bss.heap_requested
                0x00000000        0x4 C:\Users\wuton\AppData\Local\Temp\cc5p97UB.o
 .bss.heap_end  0x00000000        0x4 C:\Users\wuton\AppData\Local\Temp\cc5p97UB.o
 .bss.heap_ptr  0x00000000        0x4 C:\Users\wuton\AppData\Local\Temp\cc5p97UB.o
 .text          0x00000000        0x0 C:\Users\wuton\AppData\Local\Temp\ccSn0CEz.o
 .data          0x00000000        0x0 C:\Users\wuton\AppData\Local\Temp\ccSn0CEz.o
 .bss           0x00000000        0x0 C:\Users\wuton\AppData\Local\Temp\ccSn0CEz.o
 .text.crc32pseudo
                0x00000000       0x6c C:\Users\wuton\AppData\Local\Temp\ccSn0CEz.o
 .text          0x00000000        0x0 D:/xpack-riscv-none-elf-gcc-15.2.0-1/bin/../lib/gcc/riscv-none-elf/15.2.0/rv32i/ilp32\libgcc.a(ledf2.o)
 .data          0x00000000        0x0 D:/xpack-riscv-none-elf-gcc-15.2.0-1/bin/../lib/gcc/riscv-none-elf/15.2.0/rv32i/ilp32\libgcc.a(ledf2.o)
 .bss           0x00000000        0x0 D:/xpack-riscv-none-elf-gcc-15.2.0-1/bin/../lib/gcc/riscv-none-elf/15.2.0/rv32i/ilp32\libgcc.a(ledf2.o)
 .text.__ledf2  0x00000000      0x118 D:/xpack-riscv-none-elf-gcc-15.2.0-1/bin/../lib/gcc/riscv-none-elf/15.2.0/rv32i/ilp32\libgcc.a(ledf2.o)
 .debug_info    0x00000000      0x25e D:/xpack-riscv-none-elf-gcc-15.2.0-1/bin/../lib/gcc/riscv-none-elf/15.2.0/rv32i/ilp32\libgcc.a(ledf2.o)
 .debug_abbrev  0x00000000      0x172 D:/xpack-riscv-none-elf-gcc-15.2.0-1/bin/../lib/gcc/riscv-none-elf/15.2.0/rv32i/ilp32\libgcc.a(ledf2.o)
 .debug_loclists
                0x00000000      0x1d9 D:/xpack-riscv-none-elf-gcc-15.2.0-1/bin/../lib/gcc/riscv-none-elf/15.2.0/rv32i/ilp32\libgcc.a(ledf2.o)
 .debug_aranges
                0x00000000       0x20 D:/xpack-riscv-none-elf-gcc-15.2.0-1/bin/../lib/gcc/riscv-none-elf/15.2.0/rv32i/ilp32\libgcc.a(ledf2.o)
 .debug_rnglists
                0x00000000       0x4a D:/xpack-riscv-none-elf-gcc-15.2.0-1/bin/../lib/gcc/riscv-none-elf/15.2.0/rv32i/ilp32\libgcc.a(ledf2.o)
 .debug_line    0x00000000      0x43a D:/xpack-riscv-none-elf-gcc-15.2.0-1/bin/../lib/gcc/riscv-none-elf/15.2.0/rv32i/ilp32\libgcc.a(ledf2.o)
 .debug_str     0x00000000      0x1f2 D:/xpack-riscv-none-elf-gcc-15.2.0-1/bin/../lib/gcc/riscv-none-elf/15.2.0/rv32i/ilp32\libgcc.a(ledf2.o)
 .debug_line_str
                0x00000000      0x24a D:/xpack-riscv-none-elf-gcc-15.2.0-1/bin/../lib/gcc/riscv-none-elf/15.2.0/rv32i/ilp32\libgcc.a(ledf2.o)
 .comment       0x00000000       0x34 D:/xpack-riscv-none-elf-gcc-15.2.0-1/bin/../lib/gcc/riscv-none-elf/15.2.0/rv32i/ilp32\libgcc.a(ledf2.o)
 .note.GNU-stack
                0x00000000        0x0 D:/xpack-riscv-none-elf-gcc-15.2.0-1/bin/../lib/gcc/riscv-none-elf/15.2.0/rv32i/ilp32\libgcc.a(ledf2.o)
 .debug_frame   0x00000000       0x20 D:/xpack-riscv-none-elf-gcc-15.2.0-1/bin/../lib/gcc/riscv-none-elf/15.2.0/rv32i/ilp32\libgcc.a(ledf2.o)
 .riscv.attributes
                0x00000000       0x1c D:/xpack-riscv-none-elf-gcc-15.2.0-1/bin/../lib/gcc/riscv-none-elf/15.2.0/rv32i/ilp32\libgcc.a(ledf2.o)
 .text          0x00000000        0x0 D:/xpack-riscv-none-elf-gcc-15.2.0-1/bin/../lib/gcc/riscv-none-elf/15.2.0/rv32i/ilp32\libgcc.a(fixunsdfsi.o)
 .data          0x00000000        0x0 D:/xpack-riscv-none-elf-gcc-15.2.0-1/bin/../lib/gcc/riscv-none-elf/15.2.0/rv32i/ilp32\libgcc.a(fixunsdfsi.o)
 .bss           0x00000000        0x0 D:/xpack-riscv-none-elf-gcc-15.2.0-1/bin/../lib/gcc/riscv-none-elf/15.2.0/rv32i/ilp32\libgcc.a(fixunsdfsi.o)
 .text.__fixunsdfsi
                0x00000000       0x70 D:/xpack-riscv-none-elf-gcc-15.2.0-1/bin/../lib/gcc/riscv-none-elf/15.2.0/rv32i/ilp32\libgcc.a(fixunsdfsi.o)
 .debug_info    0x00000000      0x1ca D:/xpack-riscv-none-elf-gcc-15.2.0-1/bin/../lib/gcc/riscv-none-elf/15.2.0/rv32i/ilp32\libgcc.a(fixunsdfsi.o)
 .debug_abbrev  0x00000000      0x171 D:/xpack-riscv-none-elf-gcc-15.2.0-1/bin/../lib/gcc/riscv-none-elf/15.2.0/rv32i/ilp32\libgcc.a(fixunsdfsi.o)
 .debug_loclists
                0x00000000       0xc6 D:/xpack-riscv-none-elf-gcc-15.2.0-1/bin/../lib/gcc/riscv-none-elf/15.2.0/rv32i/ilp32\libgcc.a(fixunsdfsi.o)
 .debug_aranges
                0x00000000       0x20 D:/xpack-riscv-none-elf-gcc-15.2.0-1/bin/../lib/gcc/riscv-none-elf/15.2.0/rv32i/ilp32\libgcc.a(fixunsdfsi.o)
 .debug_rnglists
                0x00000000       0x1f D:/xpack-riscv-none-elf-gcc-15.2.0-1/bin/../lib/gcc/riscv-none-elf/15.2.0/rv32i/ilp32\libgcc.a(fixunsdfsi.o)
 .debug_line    0x00000000      0x1e1 D:/xpack-riscv-none-elf-gcc-15.2.0-1/bin/../lib/gcc/riscv-none-elf/15.2.0/rv32i/ilp32\libgcc.a(fixunsdfsi.o)
 .debug_str     0x00000000      0x1c5 D:/xpack-riscv-none-elf-gcc-15.2.0-1/bin/../lib/gcc/riscv-none-elf/15.2.0/rv32i/ilp32\libgcc.a(fixunsdfsi.o)
 .debug_line_str
                0x00000000      0x250 D:/xpack-riscv-none-elf-gcc-15.2.0-1/bin/../lib/gcc/riscv-none-elf/15.2.0/rv32i/ilp32\libgcc.a(fixunsdfsi.o)
 .comment       0x00000000       0x34 D:/xpack-riscv-none-elf-gcc-15.2.0-1/bin/../lib/gcc/riscv-none-elf/15.2.0/rv32i/ilp32\libgcc.a(fixunsdfsi.o)
 .note.GNU-stack
                0x00000000        0x0 D:/xpack-riscv-none-elf-gcc-15.2.0-1/bin/../lib/gcc/riscv-none-elf/15.2.0/rv32i/ilp32\libgcc.a(fixunsdfsi.o)
 .debug_frame   0x00000000       0x20 D:/xpack-riscv-none-elf-gcc-15.2.0-1/bin/../lib/gcc/riscv-none-elf/15.2.0/rv32i/ilp32\libgcc.a(fixunsdfsi.o)
 .riscv.attributes
                0x00000000       0x1c D:/xpack-riscv-none-elf-gcc-15.2.0-1/bin/../lib/gcc/riscv-none-elf/15.2.0/rv32i/ilp32\libgcc.a(fixunsdfsi.o)
 .text          0x00000000        0x0 D:/xpack-riscv-none-elf-gcc-15.2.0-1/bin/../lib/gcc/riscv-none-elf/15.2.0/rv32i/ilp32\libgcc.a(floatunsidf.o)
 .data          0x00000000        0x0 D:/xpack-riscv-none-elf-gcc-15.2.0-1/bin/../lib/gcc/riscv-none-elf/15.2.0/rv32i/ilp32\libgcc.a(floatunsidf.o)
 .bss           0x00000000        0x0 D:/xpack-riscv-none-elf-gcc-15.2.0-1/bin/../lib/gcc/riscv-none-elf/15.2.0/rv32i/ilp32\libgcc.a(floatunsidf.o)
 .text.__floatunsidf
                0x00000000       0xa4 D:/xpack-riscv-none-elf-gcc-15.2.0-1/bin/../lib/gcc/riscv-none-elf/15.2.0/rv32i/ilp32\libgcc.a(floatunsidf.o)
 .debug_info    0x00000000      0x27e D:/xpack-riscv-none-elf-gcc-15.2.0-1/bin/../lib/gcc/riscv-none-elf/15.2.0/rv32i/ilp32\libgcc.a(floatunsidf.o)
 .debug_abbrev  0x00000000      0x172 D:/xpack-riscv-none-elf-gcc-15.2.0-1/bin/../lib/gcc/riscv-none-elf/15.2.0/rv32i/ilp32\libgcc.a(floatunsidf.o)
 .debug_loclists
                0x00000000      0x172 D:/xpack-riscv-none-elf-gcc-15.2.0-1/bin/../lib/gcc/riscv-none-elf/15.2.0/rv32i/ilp32\libgcc.a(floatunsidf.o)
 .debug_aranges
                0x00000000       0x20 D:/xpack-riscv-none-elf-gcc-15.2.0-1/bin/../lib/gcc/riscv-none-elf/15.2.0/rv32i/ilp32\libgcc.a(floatunsidf.o)
 .debug_rnglists
                0x00000000       0x72 D:/xpack-riscv-none-elf-gcc-15.2.0-1/bin/../lib/gcc/riscv-none-elf/15.2.0/rv32i/ilp32\libgcc.a(floatunsidf.o)
 .debug_line    0x00000000      0x30b D:/xpack-riscv-none-elf-gcc-15.2.0-1/bin/../lib/gcc/riscv-none-elf/15.2.0/rv32i/ilp32\libgcc.a(floatunsidf.o)
 .debug_str     0x00000000      0x261 D:/xpack-riscv-none-elf-gcc-15.2.0-1/bin/../lib/gcc/riscv-none-elf/15.2.0/rv32i/ilp32\libgcc.a(floatunsidf.o)
 .debug_line_str
                0x00000000      0x252 D:/xpack-riscv-none-elf-gcc-15.2.0-1/bin/../lib/gcc/riscv-none-elf/15.2.0/rv32i/ilp32\libgcc.a(floatunsidf.o)
 .comment       0x00000000       0x34 D:/xpack-riscv-none-elf-gcc-15.2.0-1/bin/../lib/gcc/riscv-none-elf/15.2.0/rv32i/ilp32\libgcc.a(floatunsidf.o)
 .note.GNU-stack
                0x00000000        0x0 D:/xpack-riscv-none-elf-gcc-15.2.0-1/bin/../lib/gcc/riscv-none-elf/15.2.0/rv32i/ilp32\libgcc.a(floatunsidf.o)
 .debug_frame   0x00000000       0x38 D:/xpack-riscv-none-elf-gcc-15.2.0-1/bin/../lib/gcc/riscv-none-elf/15.2.0/rv32i/ilp32\libgcc.a(floatunsidf.o)
 .riscv.attributes
                0x00000000       0x1c D:/xpack-riscv-none-elf-gcc-15.2.0-1/bin/../lib/gcc/riscv-none-elf/15.2.0/rv32i/ilp32\libgcc.a(floatunsidf.o)
 .text          0x00000000       0x24 D:/xpack-riscv-none-elf-gcc-15.2.0-1/bin/../lib/gcc/riscv-none-elf/15.2.0/rv32i/ilp32\libgcc.a(muldi3.o)
 .data          0x00000000        0x0 D:/xpack-riscv-none-elf-gcc-15.2.0-1/bin/../lib/gcc/riscv-none-elf/15.2.0/rv32i/ilp32\libgcc.a(muldi3.o)
 .bss           0x00000000        0x0 D:/xpack-riscv-none-elf-gcc-15.2.0-1/bin/../lib/gcc/riscv-none-elf/15.2.0/rv32i/ilp32\libgcc.a(muldi3.o)
 .debug_line    0x00000000       0x7a D:/xpack-riscv-none-elf-gcc-15.2.0-1/bin/../lib/gcc/riscv-none-elf/15.2.0/rv32i/ilp32\libgcc.a(muldi3.o)
 .debug_line_str
                0x00000000      0x18e D:/xpack-riscv-none-elf-gcc-15.2.0-1/bin/../lib/gcc/riscv-none-elf/15.2.0/rv32i/ilp32\libgcc.a(muldi3.o)
 .debug_info    0x00000000       0x31 D:/xpack-riscv-none-elf-gcc-15.2.0-1/bin/../lib/gcc/riscv-none-elf/15.2.0/rv32i/ilp32\libgcc.a(muldi3.o)
 .debug_abbrev  0x00000000       0x28 D:/xpack-riscv-none-elf-gcc-15.2.0-1/bin/../lib/gcc/riscv-none-elf/15.2.0/rv32i/ilp32\libgcc.a(muldi3.o)
 .debug_aranges
                0x00000000       0x20 D:/xpack-riscv-none-elf-gcc-15.2.0-1/bin/../lib/gcc/riscv-none-elf/15.2.0/rv32i/ilp32\libgcc.a(muldi3.o)
 .debug_str     0x00000000      0x1a3 D:/xpack-riscv-none-elf-gcc-15.2.0-1/bin/../lib/gcc/riscv-none-elf/15.2.0/rv32i/ilp32\libgcc.a(muldi3.o)
 .riscv.attributes
                0x00000000       0x1a D:/xpack-riscv-none-elf-gcc-15.2.0-1/bin/../lib/gcc/riscv-none-elf/15.2.0/rv32i/ilp32\libgcc.a(muldi3.o)
 .text          0x00000000        0x0 D:/xpack-riscv-none-elf-gcc-15.2.0-1/bin/../lib/gcc/riscv-none-elf/15.2.0/rv32i/ilp32\libgcc.a(_clzsi2.o)
 .data          0x00000000        0x0 D:/xpack-riscv-none-elf-gcc-15.2.0-1/bin/../lib/gcc/riscv-none-elf/15.2.0/rv32i/ilp32\libgcc.a(_clzsi2.o)
 .bss           0x00000000        0x0 D:/xpack-riscv-none-elf-gcc-15.2.0-1/bin/../lib/gcc/riscv-none-elf/15.2.0/rv32i/ilp32\libgcc.a(_clzsi2.o)
 .text.__clzsi2
                0x00000000       0x88 D:/xpack-riscv-none-elf-gcc-15.2.0-1/bin/../lib/gcc/riscv-none-elf/15.2.0/rv32i/ilp32\libgcc.a(_clzsi2.o)
 .debug_info    0x00000000      0x168 D:/xpack-riscv-none-elf-gcc-15.2.0-1/bin/../lib/gcc/riscv-none-elf/15.2.0/rv32i/ilp32\libgcc.a(_clzsi2.o)
 .debug_abbrev  0x00000000       0xd9 D:/xpack-riscv-none-elf-gcc-15.2.0-1/bin/../lib/gcc/riscv-none-elf/15.2.0/rv32i/ilp32\libgcc.a(_clzsi2.o)
 .debug_loclists
                0x00000000       0xe3 D:/xpack-riscv-none-elf-gcc-15.2.0-1/bin/../lib/gcc/riscv-none-elf/15.2.0/rv32i/ilp32\libgcc.a(_clzsi2.o)
 .debug_aranges
                0x00000000       0x20 D:/xpack-riscv-none-elf-gcc-15.2.0-1/bin/../lib/gcc/riscv-none-elf/15.2.0/rv32i/ilp32\libgcc.a(_clzsi2.o)
 .debug_rnglists
                0x00000000       0x2a D:/xpack-riscv-none-elf-gcc-15.2.0-1/bin/../lib/gcc/riscv-none-elf/15.2.0/rv32i/ilp32\libgcc.a(_clzsi2.o)
 .debug_line    0x00000000      0x15f D:/xpack-riscv-none-elf-gcc-15.2.0-1/bin/../lib/gcc/riscv-none-elf/15.2.0/rv32i/ilp32\libgcc.a(_clzsi2.o)
 .debug_str     0x00000000      0x1ec D:/xpack-riscv-none-elf-gcc-15.2.0-1/bin/../lib/gcc/riscv-none-elf/15.2.0/rv32i/ilp32\libgcc.a(_clzsi2.o)
 .debug_line_str
                0x00000000      0x231 D:/xpack-riscv-none-elf-gcc-15.2.0-1/bin/../lib/gcc/riscv-none-elf/15.2.0/rv32i/ilp32\libgcc.a(_clzsi2.o)
 .comment       0x00000000       0x34 D:/xpack-riscv-none-elf-gcc-15.2.0-1/bin/../lib/gcc/riscv-none-elf/15.2.0/rv32i/ilp32\libgcc.a(_clzsi2.o)
 .note.GNU-stack
                0x00000000        0x0 D:/xpack-riscv-none-elf-gcc-15.2.0-1/bin/../lib/gcc/riscv-none-elf/15.2.0/rv32i/ilp32\libgcc.a(_clzsi2.o)
 .debug_frame   0x00000000       0x20 D:/xpack-riscv-none-elf-gcc-15.2.0-1/bin/../lib/gcc/riscv-none-elf/15.2.0/rv32i/ilp32\libgcc.a(_clzsi2.o)
 .riscv.attributes
                0x00000000       0x1c D:/xpack-riscv-none-elf-gcc-15.2.0-1/bin/../lib/gcc/riscv-none-elf/15.2.0/rv32i/ilp32\libgcc.a(_clzsi2.o)
 .text          0x00000000        0x0 D:/xpack-riscv-none-elf-gcc-15.2.0-1/bin/../lib/gcc/riscv-none-elf/15.2.0/rv32i/ilp32\libgcc.a(_clz.o)
 .data          0x00000000        0x0 D:/xpack-riscv-none-elf-gcc-15.2.0-1/bin/../lib/gcc/riscv-none-elf/15.2.0/rv32i/ilp32\libgcc.a(_clz.o)
 .bss           0x00000000        0x0 D:/xpack-riscv-none-elf-gcc-15.2.0-1/bin/../lib/gcc/riscv-none-elf/15.2.0/rv32i/ilp32\libgcc.a(_clz.o)
 .rodata.__clz_tab
                0x00000000      0x100 D:/xpack-riscv-none-elf-gcc-15.2.0-1/bin/../lib/gcc/riscv-none-elf/15.2.0/rv32i/ilp32\libgcc.a(_clz.o)
 .debug_info    0x00000000       0xf2 D:/xpack-riscv-none-elf-gcc-15.2.0-1/bin/../lib/gcc/riscv-none-elf/15.2.0/rv32i/ilp32\libgcc.a(_clz.o)
 .debug_abbrev  0x00000000       0x76 D:/xpack-riscv-none-elf-gcc-15.2.0-1/bin/../lib/gcc/riscv-none-elf/15.2.0/rv32i/ilp32\libgcc.a(_clz.o)
 .debug_aranges
                0x00000000       0x18 D:/xpack-riscv-none-elf-gcc-15.2.0-1/bin/../lib/gcc/riscv-none-elf/15.2.0/rv32i/ilp32\libgcc.a(_clz.o)
 .debug_line    0x00000000       0x49 D:/xpack-riscv-none-elf-gcc-15.2.0-1/bin/../lib/gcc/riscv-none-elf/15.2.0/rv32i/ilp32\libgcc.a(_clz.o)
 .debug_str     0x00000000      0x1cf D:/xpack-riscv-none-elf-gcc-15.2.0-1/bin/../lib/gcc/riscv-none-elf/15.2.0/rv32i/ilp32\libgcc.a(_clz.o)
 .debug_line_str
                0x00000000      0x231 D:/xpack-riscv-none-elf-gcc-15.2.0-1/bin/../lib/gcc/riscv-none-elf/15.2.0/rv32i/ilp32\libgcc.a(_clz.o)
 .comment       0x00000000       0x34 D:/xpack-riscv-none-elf-gcc-15.2.0-1/bin/../lib/gcc/riscv-none-elf/15.2.0/rv32i/ilp32\libgcc.a(_clz.o)
 .note.GNU-stack
                0x00000000        0x0 D:/xpack-riscv-none-elf-gcc-15.2.0-1/bin/../lib/gcc/riscv-none-elf/15.2.0/rv32i/ilp32\libgcc.a(_clz.o)
 .riscv.attributes
                0x00000000       0x1c D:/xpack-riscv-none-elf-gcc-15.2.0-1/bin/../lib/gcc/riscv-none-elf/15.2.0/rv32i/ilp32\libgcc.a(_clz.o)

Memory Configuration

Name             Origin             Length             Attributes
ROM              0x00000000         0x00008000         xr
DATA             0x00001000         0x00006000         xrw
*default*        0x00000000         0xffffffff

Linker script and memory map

LOAD C:\Users\wuton\AppData\Local\Temp\ccSNo0yH.o
LOAD C:\Users\wuton\AppData\Local\Temp\ccdRVvka.o
LOAD C:\Users\wuton\AppData\Local\Temp\ccMlVQNM.o
LOAD C:\Users\wuton\AppData\Local\Temp\cc5p97UB.o
LOAD C:\Users\wuton\AppData\Local\Temp\ccSn0CEz.o
LOAD D:/xpack-riscv-none-elf-gcc-15.2.0-1/bin/../lib/gcc/riscv-none-elf/15.2.0/../../../../riscv-none-elf/lib/rv32i/ilp32\libm.a
LOAD D:/xpack-riscv-none-elf-gcc-15.2.0-1/bin/../lib/gcc/riscv-none-elf/15.2.0/rv32i/ilp32\libgcc.a

.text           0x00000000      0x228
 *(.text.start)
 .text.start    0x00000000       0x30 C:\Users\wuton\AppData\Local\Temp\ccSNo0yH.o
                0x00000000                _start
 *(.text*)
 .text.start_trigger
                0x00000030       0x14 C:\Users\wuton\AppData\Local\Temp\ccdRVvka.o
                0x00000030                start_trigger
 .text.stop_trigger
                0x00000044       0x14 C:\Users\wuton\AppData\Local\Temp\ccdRVvka.o
                0x00000044                stop_trigger
 .text.startup.main
                0x00000058       0x78 C:\Users\wuton\AppData\Local\Temp\ccdRVvka.o
                0x00000058                main
 .text.rand_beebs
                0x000000d0       0x60 C:\Users\wuton\AppData\Local\Temp\cc5p97UB.o
                0x000000d0                rand_beebs
 .text.srand_beebs
                0x00000130        0xc C:\Users\wuton\AppData\Local\Temp\cc5p97UB.o
                0x00000130                srand_beebs
 .text.benchmark_body
                0x0000013c       0xbc C:\Users\wuton\AppData\Local\Temp\ccSn0CEz.o
 .text.initialise_benchmark
                0x000001f8        0x4 C:\Users\wuton\AppData\Local\Temp\ccSn0CEz.o
                0x000001f8                initialise_benchmark
 .text.warm_caches
                0x000001fc        0xc C:\Users\wuton\AppData\Local\Temp\ccSn0CEz.o
                0x000001fc                warm_caches
 .text.benchmark
                0x00000208        0xc C:\Users\wuton\AppData\Local\Temp\ccSn0CEz.o
                0x00000208                benchmark
 .text.verify_benchmark
                0x00000214       0x14 C:\Users\wuton\AppData\Local\Temp\ccSn0CEz.o
                0x00000214                verify_benchmark

.rodata         0x00001000      0x400
 *(.rodata*)
 .rodata.crc_32_tab
                0x00001000      0x400 C:\Users\wuton\AppData\Local\Temp\ccSn0CEz.o

.rela.dyn       0x00001400        0x0
 .rela.text.start
                0x00001400        0x0 C:\Users\wuton\AppData\Local\Temp\ccSNo0yH.o

.data           0x00001400        0x0
                0x00001400                        __data_start = .
 *(.data*)
 *(.sdata*)
                0x00001400                        __data_end = .

.bss            0x00001400        0x4
                0x00001400                        __bss_start = .
 *(.bss*)
 .bss.seed      0x00001400        0x4 C:\Users\wuton\AppData\Local\Temp\cc5p97UB.o
 *(COMMON)
 *(.sbss*)
                0x00001404                        __bss_end = .
                0x00007000                        PROVIDE (__stack_bottom = 0x7000)
                0x00007f00                        PROVIDE (__stack_top = 0x7f00)
                0x00000001                        ASSERT ((SIZEOF (.text) <= LENGTH (ROM)), Embench program exceeds the 32 KiB instruction pROM)
                0x00000001                        ASSERT ((__bss_end <= __stack_bottom), Embench data overlaps the reserved stack)
OUTPUT(D:\aaa1verilog_project\rv32i_cpu\benchmark\embench\build\crc32\crc32.elf elf32-littleriscv)

.riscv.attributes
                0x00000000       0x1c
 .riscv.attributes
                0x00000000       0x1a C:\Users\wuton\AppData\Local\Temp\ccSNo0yH.o
 .riscv.attributes
                0x0000001a       0x1c C:\Users\wuton\AppData\Local\Temp\ccdRVvka.o
 .riscv.attributes
                0x00000036       0x1c C:\Users\wuton\AppData\Local\Temp\cc5p97UB.o
 .riscv.attributes
                0x00000052       0x1c C:\Users\wuton\AppData\Local\Temp\ccSn0CEz.o

.comment        0x00000000       0x33
 .comment       0x00000000       0x33 C:\Users\wuton\AppData\Local\Temp\ccdRVvka.o
                                 0x34 (size before relaxing)
 .comment       0x00000033        0x0 C:\Users\wuton\AppData\Local\Temp\cc5p97UB.o
                                 0x34 (size before relaxing)
 .comment       0x00000033        0x0 C:\Users\wuton\AppData\Local\Temp\ccSn0CEz.o
                                 0x34 (size before relaxing)

.note.GNU-stack
                0x00000000        0x0
 .note.GNU-stack
                0x00000000        0x0 C:\Users\wuton\AppData\Local\Temp\ccdRVvka.o
 .note.GNU-stack
                0x00000000        0x0 C:\Users\wuton\AppData\Local\Temp\cc5p97UB.o
 .note.GNU-stack
                0x00000000        0x0 C:\Users\wuton\AppData\Local\Temp\ccSn0CEz.o
